Archive member included to satisfy reference by file (symbol)

/home/henco/lab5/reference/.pio/build/msgq_interrupt/zephyr/libzephyr.a(cbprintf.c.o)
                              (--whole-archive)
/home/henco/lab5/reference/.pio/build/msgq_interrupt/zephyr/libzephyr.a(cbprintf_packaged.c.o)
                              (--whole-archive)
/home/henco/lab5/reference/.pio/build/msgq_interrupt/zephyr/libzephyr.a(crc32c_sw.c.o)
                              (--whole-archive)
/home/henco/lab5/reference/.pio/build/msgq_interrupt/zephyr/libzephyr.a(crc32_sw.c.o)
                              (--whole-archive)
/home/henco/lab5/reference/.pio/build/msgq_interrupt/zephyr/libzephyr.a(crc16_sw.c.o)
                              (--whole-archive)
/home/henco/lab5/reference/.pio/build/msgq_interrupt/zephyr/libzephyr.a(crc8_sw.c.o)
                              (--whole-archive)
/home/henco/lab5/reference/.pio/build/msgq_interrupt/zephyr/libzephyr.a(crc7_sw.c.o)
                              (--whole-archive)
/home/henco/lab5/reference/.pio/build/msgq_interrupt/zephyr/libzephyr.a(dec.c.o)
                              (--whole-archive)
/home/henco/lab5/reference/.pio/build/msgq_interrupt/zephyr/libzephyr.a(fdtable.c.o)
                              (--whole-archive)
/home/henco/lab5/reference/.pio/build/msgq_interrupt/zephyr/libzephyr.a(hex.c.o)
                              (--whole-archive)
/home/henco/lab5/reference/.pio/build/msgq_interrupt/zephyr/libzephyr.a(notify.c.o)
                              (--whole-archive)
/home/henco/lab5/reference/.pio/build/msgq_interrupt/zephyr/libzephyr.a(printk.c.o)
                              (--whole-archive)
/home/henco/lab5/reference/.pio/build/msgq_interrupt/zephyr/libzephyr.a(onoff.c.o)
                              (--whole-archive)
/home/henco/lab5/reference/.pio/build/msgq_interrupt/zephyr/libzephyr.a(rb.c.o)
                              (--whole-archive)
/home/henco/lab5/reference/.pio/build/msgq_interrupt/zephyr/libzephyr.a(sem.c.o)
                              (--whole-archive)
/home/henco/lab5/reference/.pio/build/msgq_interrupt/zephyr/libzephyr.a(thread_entry.c.o)
                              (--whole-archive)
/home/henco/lab5/reference/.pio/build/msgq_interrupt/zephyr/libzephyr.a(timeutil.c.o)
                              (--whole-archive)
/home/henco/lab5/reference/.pio/build/msgq_interrupt/zephyr/libzephyr.a(heap.c.o)
                              (--whole-archive)
/home/henco/lab5/reference/.pio/build/msgq_interrupt/zephyr/libzephyr.a(heap-validate.c.o)
                              (--whole-archive)
/home/henco/lab5/reference/.pio/build/msgq_interrupt/zephyr/libzephyr.a(bitarray.c.o)
                              (--whole-archive)
/home/henco/lab5/reference/.pio/build/msgq_interrupt/zephyr/libzephyr.a(cbprintf_complete.c.o)
                              (--whole-archive)
/home/henco/lab5/reference/.pio/build/msgq_interrupt/zephyr/libzephyr.a(configs.c.o)
                              (--whole-archive)
/home/henco/lab5/reference/.pio/build/msgq_interrupt/zephyr/libzephyr.a(soc.c.o)
                              (--whole-archive)
/home/henco/lab5/reference/.pio/build/msgq_interrupt/zephyr/libzephyr.a(stm32cube_hal.c.o)
                              (--whole-archive)
/home/henco/lab5/reference/.pio/build/msgq_interrupt/zephyr/libzephyr.a(soc_config.c.o)
                              (--whole-archive)
/home/henco/lab5/reference/.pio/build/msgq_interrupt/zephyr/libzephyr.a(tracing_none.c.o)
                              (--whole-archive)
/home/henco/lab5/reference/.pio/build/msgq_interrupt/zephyr/libzephyr.a(pinmux_stm32.c.o)
                              (--whole-archive)
/home/henco/lab5/reference/.pio/build/msgq_interrupt/zephyr/arch/common/libarch__common.a(sw_isr_common.c.o)
                              (--whole-archive)
/home/henco/lab5/reference/.pio/build/msgq_interrupt/zephyr/arch/arch/arm/core/aarch32/libarch__arm__core__aarch32.a(cpu_idle.S.o)
                              (--whole-archive)
/home/henco/lab5/reference/.pio/build/msgq_interrupt/zephyr/arch/arch/arm/core/aarch32/libarch__arm__core__aarch32.a(fatal.c.o)
                              (--whole-archive)
/home/henco/lab5/reference/.pio/build/msgq_interrupt/zephyr/arch/arch/arm/core/aarch32/libarch__arm__core__aarch32.a(irq_manage.c.o)
                              (--whole-archive)
/home/henco/lab5/reference/.pio/build/msgq_interrupt/zephyr/arch/arch/arm/core/aarch32/libarch__arm__core__aarch32.a(nmi.c.o)
                              (--whole-archive)
/home/henco/lab5/reference/.pio/build/msgq_interrupt/zephyr/arch/arch/arm/core/aarch32/libarch__arm__core__aarch32.a(nmi_on_reset.S.o)
                              (--whole-archive)
/home/henco/lab5/reference/.pio/build/msgq_interrupt/zephyr/arch/arch/arm/core/aarch32/libarch__arm__core__aarch32.a(prep_c.c.o)
                              (--whole-archive)
[...]
Memory Configuration

Name             Origin             Length             Attributes
FLASH            0x0000000008000000 0x0000000000020000 xr
SRAM             0x0000000020000000 0x0000000000004000 xw
IDT_LIST         0x00000000fffff7ff 0x0000000000000800 xw
*default*        0x0000000000000000 0xffffffffffffffff

Linker script and memory map

LOAD .pio/build/msgq_interrupt/zephyr_prebuilt/zephyr/misc/empty_file.c.o
LOAD .pio/build/msgq_interrupt/src/gpio_interrupt.o
LOAD .pio/build/msgq_interrupt/src/gpio_msgq_interrupt.o
LOAD .pio/build/msgq_interrupt/src/kernel.o
LOAD .pio/build/msgq_interrupt/src/main.o
LOAD .pio/build/msgq_interrupt/src/rtc.o
LOAD .pio/build/msgq_interrupt/src/sleep.o
LOAD .pio/build/msgq_interrupt/zephyr_final/zephyr/misc/empty_file.c.o
LOAD .pio/build/msgq_interrupt/zephyr_final/zephyr/isr_tables.c.o
LOAD .pio/build/msgq_interrupt/zephyr_final/zephyr/dev_handles.c.o
LOAD /home/henco/lab5/reference/.pio/build/msgq_interrupt/zephyr/libzephyr.a
LOAD /home/henco/lab5/reference/.pio/build/msgq_interrupt/zephyr/arch/common/libarch__common.a
LOAD /home/henco/lab5/reference/.pio/build/msgq_interrupt/zephyr/arch/arch/arm/core/aarch32/libarch__arm__core__aarch32.a
LOAD /home/henco/lab5/reference/.pio/build/msgq_interrupt/zephyr/arch/arch/arm/core/aarch32/cortex_m/libarch__arm__core__aarch32__cortex_m.a
LOAD /home/henco/lab5/reference/.pio/build/msgq_interrupt/zephyr/lib/libc/newlib/liblib__libc__newlib.a
LOAD /home/henco/lab5/reference/.pio/build/msgq_interrupt/zephyr/lib/posix/liblib__posix.a
LOAD /home/henco/lab5/reference/.pio/build/msgq_interrupt/zephyr/drivers/interrupt_controller/libdrivers__interrupt_controller.a
LOAD /home/henco/lab5/reference/.pio/build/msgq_interrupt/zephyr/drivers/clock_control/libdrivers__clock_control.a
LOAD /home/henco/lab5/reference/.pio/build/msgq_interrupt/zephyr/drivers/console/libdrivers__console.a
LOAD /home/henco/lab5/reference/.pio/build/msgq_interrupt/zephyr/drivers/gpio/libdrivers__gpio.a
LOAD /home/henco/lab5/reference/.pio/build/msgq_interrupt/zephyr/drivers/serial/libdrivers__serial.a
LOAD /home/henco/lab5/reference/.pio/build/msgq_interrupt/zephyr/drivers/timer/libdrivers__timer.a
LOAD /home/henco/lab5/reference/.pio/build/msgq_interrupt/modules/_bare_module/lib_pio___bare_module.a
LOAD /home/henco/lab5/reference/.pio/build/msgq_interrupt/modules/stm32/stm32cube/lib_pio__modules__hal__stm32__stm32cube.a
LOAD /home/henco/lab5/reference/.pio/build/msgq_interrupt/zephyr/liboffsets.a
LOAD /home/henco/lab5/reference/.pio/build/msgq_interrupt/zephyr/kernel/libkernel.a
LOAD /home/henco/lab5/reference/.pio/build/msgq_interrupt/zephyr/arch/common/libisr_tables.a
LOAD /home/henco/.platformio/packages/toolchain-gccarmnoneeabi/lib/gcc/arm-none-eabi/8.2.1/thumb/v6-m/nofp/libgcc.a
LOAD /home/henco/.platformio/packages/toolchain-gccarmnoneeabi/arm-none-eabi/lib/thumb/v6-m/nofp/libm.a
LOAD /home/henco/.platformio/packages/toolchain-gccarmnoneeabi/arm-none-eabi/lib/thumb/v6-m/nofp/libc_nano.a
LOAD /home/henco/.platformio/packages/toolchain-gccarmnoneeabi/lib/gcc/arm-none-eabi/8.2.1/thumb/v6-m/nofp/libgcc.a
LOAD /home/henco/.platformio/packages/toolchain-gccarmnoneeabi/arm-none-eabi/lib/thumb/v6-m/nofp/libc_nano.a
                0x0000000000000004                _region_min_align = 0x4

.rel.plt        0x0000000008000000        0x0
 *(SORT_BY_ALIGNMENT(.rel.plt))
                [!provide]                        PROVIDE (__rel_iplt_start = .)
 *(SORT_BY_ALIGNMENT(.rel.iplt))
 .rel.iplt      0x0000000008000000        0x0 .pio/build/msgq_interrupt/src/gpio_msgq_interrupt.o
                [!provide]                        PROVIDE (__rel_iplt_end = .)

.rela.plt       0x0000000000000000        0x0
 *(SORT_BY_ALIGNMENT(.rela.plt))
                [!provide]                        PROVIDE (__rela_iplt_start = .)
 *(SORT_BY_ALIGNMENT(.rela.iplt))
                [!provide]                        PROVIDE (__rela_iplt_end = .)

.rel.dyn
 *(SORT_BY_ALIGNMENT(.rel.*))

.rela.dyn
 *(SORT_BY_ALIGNMENT(.rela.*))

/DISCARD/
 *(SORT_BY_ALIGNMENT(.plt))
 *(SORT_BY_ALIGNMENT(.iplt))
 *(SORT_BY_ALIGNMENT(.got.plt))
 *(SORT_BY_ALIGNMENT(.igot.plt))
 *(SORT_BY_ALIGNMENT(.got))
 *(SORT_BY_ALIGNMENT(.igot))
 *(SORT_BY_ALIGNMENT(.irq_info*))
 *(SORT_BY_ALIGNMENT(.intList*))
 *(SORT_BY_ALIGNMENT(.note.GNU-stack))
                0x0000000008000000                __rom_region_start = 0x8000000

rom_start       0x0000000008000000       0xc0
                0x0000000000000000                . = 0x0
                0x0000000000000000                . = ALIGN (0x4)
                0x0000000000000000                _vector_start = .
 *(SORT_BY_ALIGNMENT(.exc_vector_table))
 *(SORT_BY_ALIGNMENT(.exc_vector_table.*))
 .exc_vector_table._vector_table_section
                0x0000000008000000       0x40 /home/henco/lab5/reference/.pio/build/msgq_interrupt/zephyr/arch/arch/arm/core/aarch32/cortex_m/libarch__arm__core__aarch32__cortex_m.a(vector_table.S.o)
                0x0000000008000000                _vector_table
 *(SORT_BY_ALIGNMENT(.gnu.linkonce.irq_vector_table*))
 .gnu.linkonce.irq_vector_table
                0x0000000008000040       0x80 .pio/build/msgq_interrupt/zephyr_final/zephyr/isr_tables.c.o
                0x0000000008000040                _irq_vector_table
 *(SORT_BY_ALIGNMENT(.vectors))
                0x00000000080000c0                _vector_end = .

text            0x00000000080000c0     0x31b4
                0x00000000080000c0                __text_region_start = .
 *(SORT_BY_ALIGNMENT(.text))
 .text          0x00000000080000c0       0x14 /home/henco/.platformio/packages/toolchain-gccarmnoneeabi/lib/gcc/arm-none-eabi/8.2.1/thumb/v6-m/nofp/libgcc.a(_thumb1_case_uqi.o)
                0x00000000080000c0                __gnu_thumb1_case_uqi
 .text          0x00000000080000d4      0x114 /home/henco/.platformio/packages/toolchain-gccarmnoneeabi/lib/gcc/arm-none-eabi/8.2.1/thumb/v6-m/nofp/libgcc.a(_udivsi3.o)
                0x00000000080000d4                __udivsi3
                0x00000000080000d4                __aeabi_uidiv
                0x00000000080001e0                __aeabi_uidivmod
 .text          0x00000000080001e8        0x4 /home/henco/.platformio/packages/toolchain-gccarmnoneeabi/lib/gcc/arm-none-eabi/8.2.1/thumb/v6-m/nofp/libgcc.a(_dvmd_tls.o)
                0x00000000080001e8                __aeabi_ldiv0
                0x00000000080001e8                __aeabi_idiv0
 .text          0x00000000080001ec       0x3c /home/henco/.platformio/packages/toolchain-gccarmnoneeabi/lib/gcc/arm-none-eabi/8.2.1/thumb/v6-m/nofp/libgcc.a(_clzsi2.o)
                0x00000000080001ec                __clzsi2
 .text          0x0000000008000228       0x40 /home/henco/.platformio/packages/toolchain-gccarmnoneeabi/lib/gcc/arm-none-eabi/8.2.1/thumb/v6-m/nofp/libgcc.a(_aeabi_uldivmod.o)
                0x0000000008000228                __aeabi_uldivmod
 .text          0x0000000008000268       0x54 /home/henco/.platformio/packages/toolchain-gccarmnoneeabi/lib/gcc/arm-none-eabi/8.2.1/thumb/v6-m/nofp/libgcc.a(_muldi3.o)
                0x0000000008000268                __aeabi_lmul
                0x0000000008000268                __muldi3
 .text          0x00000000080002bc      0x1a4 /home/henco/.platformio/packages/toolchain-gccarmnoneeabi/lib/gcc/arm-none-eabi/8.2.1/thumb/v6-m/nofp/libgcc.a(_udivmoddi4.o)
                0x00000000080002bc                __udivmoddi4
 .text          0x0000000008000460       0x18 /home/henco/.platformio/packages/toolchain-gccarmnoneeabi/lib/gcc/arm-none-eabi/8.2.1/thumb/v6-m/nofp/libgcc.a(_clzdi2.o)
                0x0000000008000460                __clzdi2
 .text          0x0000000008000478       0x14 /home/henco/.platformio/packages/toolchain-gccarmnoneeabi/arm-none-eabi/lib/thumb/v6-m/nofp/libc_nano.a(lib_a-strcmp.o)
                0x0000000008000478                strcmp
 .text          0x000000000800048c        0xe /home/henco/.platformio/packages/toolchain-gccarmnoneeabi/arm-none-eabi/lib/thumb/v6-m/nofp/libc_nano.a(lib_a-strlen.o)
                0x000000000800048c                strlen
 *(SORT_BY_ALIGNMENT(.text.*))
 *fill*         0x000000000800049a        0x2 
 .text.toggle_pin_after_message
                0x000000000800049c       0x2c .pio/build/msgq_interrupt/src/gpio_msgq_interrupt.o
                0x000000000800049c                toggle_pin_after_message
 .text.pin_interrupt2
                0x00000000080004c8       0x2c .pio/build/msgq_interrupt/src/gpio_msgq_interrupt.o
                0x00000000080004c8                pin_interrupt2
 .text.msgq_interrupt_main
                0x00000000080004f4       0xd0 .pio/build/msgq_interrupt/src/gpio_msgq_interrupt.o
                0x00000000080004f4                msgq_interrupt_main
 .text.char_out
                0x00000000080005c4       0x14 /home/henco/lab5/reference/.pio/build/msgq_interrupt/zephyr/libzephyr.a(printk.c.o)
 .text.__printk_hook_install
                0x00000000080005d8        0xc /home/henco/lab5/reference/.pio/build/msgq_interrupt/zephyr/libzephyr.a(printk.c.o)
                0x00000000080005d8                __printk_hook_install
 .text.vprintk  0x00000000080005e4       0x18 /home/henco/lab5/reference/.pio/build/msgq_interrupt/zephyr/libzephyr.a(printk.c.o)
                0x00000000080005e4                vprintk
 .text.chunk_field
                0x00000000080005fc       0x1c /home/henco/lab5/reference/.pio/build/msgq_interrupt/zephyr/libzephyr.a(heap.c.o)
 .text.chunk_set
                0x0000000008000618       0x20 /home/henco/lab5/reference/.pio/build/msgq_interrupt/zephyr/libzephyr.a(heap.c.o)
 .text.set_chunk_used
                0x0000000008000638       0x38 /home/henco/lab5/reference/.pio/build/msgq_interrupt/zephyr/libzephyr.a(heap.c.o)
 .text.bucket_idx
                0x0000000008000670       0x24 /home/henco/lab5/reference/.pio/build/msgq_interrupt/zephyr/libzephyr.a(heap.c.o)
 .text.free_list_add
                0x0000000008000694       0x8c /home/henco/lab5/reference/.pio/build/msgq_interrupt/zephyr/libzephyr.a(heap.c.o)
 .text.sys_heap_init
                0x0000000008000720       0xb0 /home/henco/lab5/reference/.pio/build/msgq_interrupt/zephyr/libzephyr.a(heap.c.o)
                0x0000000008000720                sys_heap_init
 .text.extract_decimal
                0x00000000080007d0       0x28 /home/henco/lab5/reference/.pio/build/msgq_interrupt/zephyr/libzephyr.a(cbprintf_complete.c.o)
 .text.encode_uint
                0x00000000080007f8       0x9c /home/henco/lab5/reference/.pio/build/msgq_interrupt/zephyr/libzephyr.a(cbprintf_complete.c.o)
 .text.cbvprintf
                0x0000000008000894      0x67c /home/henco/lab5/reference/.pio/build/msgq_interrupt/zephyr/libzephyr.a(cbprintf_complete.c.o)
                0x0000000008000894                cbvprintf
 .text.stm32f0_init
                0x0000000008000f10       0x24 /home/henco/lab5/reference/.pio/build/msgq_interrupt/zephyr/libzephyr.a(soc.c.o)
 .text.relocate_vector_table
                0x0000000008000f34       0x2c /home/henco/lab5/reference/.pio/build/msgq_interrupt/zephyr/libzephyr.a(soc.c.o)
                0x0000000008000f34                relocate_vector_table
 .text.stm32_pin_configure
                0x0000000008000f60       0x44 /home/henco/lab5/reference/.pio/build/msgq_interrupt/zephyr/libzephyr.a(pinmux_stm32.c.o)
 .text.z_arm_cpu_idle_init
                0x0000000008000fa4        0xc /home/henco/lab5/reference/.pio/build/msgq_interrupt/zephyr/arch/arch/arm/core/aarch32/libarch__arm__core__aarch32.a(cpu_idle.S.o)
                0x0000000008000fa4                z_arm_cpu_idle_init
 .text.arch_cpu_idle
                0x0000000008000fb0       0x10 /home/henco/lab5/reference/.pio/build/msgq_interrupt/zephyr/arch/arch/arm/core/aarch32/libarch__arm__core__aarch32.a(cpu_idle.S.o)
                0x0000000008000fb0                arch_cpu_idle
 .text.arch_irq_enable
                0x0000000008000fc0       0x18 /home/henco/lab5/reference/.pio/build/msgq_interrupt/zephyr/arch/arch/arm/core/aarch32/libarch__arm__core__aarch32.a(irq_manage.c.o)
                0x0000000008000fc0                arch_irq_enable
 .text.z_arm_irq_priority_set
                0x0000000008000fd8       0x54 /home/henco/lab5/reference/.pio/build/msgq_interrupt/zephyr/arch/arch/arm/core/aarch32/libarch__arm__core__aarch32.a(irq_manage.c.o)
                0x0000000008000fd8                z_arm_irq_priority_set
 .text.z_SysNmiOnReset
                0x000000000800102c        0x4 /home/henco/lab5/reference/.pio/build/msgq_interrupt/zephyr/arch/arch/arm/core/aarch32/libarch__arm__core__aarch32.a(nmi_on_reset.S.o)
                0x000000000800102c                z_SysNmiOnReset
 .text.arch_swap
                0x0000000008001030       0x30 /home/henco/lab5/reference/.pio/build/msgq_interrupt/zephyr/arch/arch/arm/core/aarch32/libarch__arm__core__aarch32.a(swap.c.o)
                0x0000000008001030                arch_swap
 .text.z_arm_pendsv
                0x0000000008001060       0x60 /home/henco/lab5/reference/.pio/build/msgq_interrupt/zephyr/arch/arch/arm/core/aarch32/libarch__arm__core__aarch32.a(swap_helper.S.o)
                0x0000000008001060                z_arm_pendsv
 .text.z_arm_svc
                0x00000000080010c0       0x24 /home/henco/lab5/reference/.pio/build/msgq_interrupt/zephyr/arch/arch/arm/core/aarch32/libarch__arm__core__aarch32.a(swap_helper.S.o)
                0x00000000080010c0                z_arm_svc
 .text.arch_new_thread
                0x00000000080010e4       0x2c /home/henco/lab5/reference/.pio/build/msgq_interrupt/zephyr/arch/arch/arm/core/aarch32/libarch__arm__core__aarch32.a(thread.c.o)
                0x00000000080010e4                arch_new_thread
 .text.arch_switch_to_main_thread
                0x0000000008001110       0x20 /home/henco/lab5/reference/.pio/build/msgq_interrupt/zephyr/arch/arch/arm/core/aarch32/libarch__arm__core__aarch32.a(thread.c.o)
                0x0000000008001110                arch_switch_to_main_thread
 .text._isr_wrapper
                0x0000000008001130       0x28 /home/henco/lab5/reference/.pio/build/msgq_interrupt/zephyr/arch/arch/arm/core/aarch32/libarch__arm__core__aarch32.a(isr_wrapper.S.o)
                0x0000000008001130                _isr_wrapper
 .text._HandlerModeExit
                0x0000000008001158       0x20 /home/henco/lab5/reference/.pio/build/msgq_interrupt/zephyr/arch/arch/arm/core/aarch32/cortex_m/libarch__arm__core__aarch32__cortex_m.a(exc_exit.S.o)
                0x0000000008001158                z_arm_exc_exit
                0x0000000008001158                z_arm_int_exit
 .text.z_arm_fault
                0x0000000008001178       0x7c /home/henco/lab5/reference/.pio/build/msgq_interrupt/zephyr/arch/arch/arm/core/aarch32/cortex_m/libarch__arm__core__aarch32__cortex_m.a(fault.c.o)
                0x0000000008001178                z_arm_fault
 .text.__fault  0x00000000080011f4       0x14 /home/henco/lab5/reference/.pio/build/msgq_interrupt/zephyr/arch/arch/arm/core/aarch32/cortex_m/libarch__arm__core__aarch32__cortex_m.a(fault_s.S.o)
                0x00000000080011f4                z_arm_exc_spurious
                0x00000000080011f4                z_arm_hard_fault
 .text.z_arm_interrupt_init
                0x0000000008001208       0x30 /home/henco/lab5/reference/.pio/build/msgq_interrupt/zephyr/arch/arch/arm/core/aarch32/cortex_m/libarch__arm__core__aarch32__cortex_m.a(irq_init.c.o)
                0x0000000008001208                z_arm_interrupt_init
 .text._reset_section
                0x0000000008001238       0x28 /home/henco/lab5/reference/.pio/build/msgq_interrupt/zephyr/arch/arch/arm/core/aarch32/cortex_m/libarch__arm__core__aarch32__cortex_m.a(reset.S.o)
                0x0000000008001238                z_arm_reset
                0x0000000008001238                __start
 .text.z_impl_k_thread_abort
                0x0000000008001260       0x2c /home/henco/lab5/reference/.pio/build/msgq_interrupt/zephyr/arch/arch/arm/core/aarch32/cortex_m/libarch__arm__core__aarch32__cortex_m.a(thread_abort.c.o)
                0x0000000008001260                z_impl_k_thread_abort
 .text.__stdout_hook_install
                0x000000000800128c        0xc /home/henco/lab5/reference/.pio/build/msgq_interrupt/zephyr/lib/libc/newlib/liblib__libc__newlib.a(libc-hooks.c.o)
                0x000000000800128c                __stdout_hook_install
 .text.__stm32_exti_isr.isra.2
                0x0000000008001298       0x38 /home/henco/lab5/reference/.pio/build/msgq_interrupt/zephyr/drivers/interrupt_controller/libdrivers__interrupt_controller.a(intc_exti_stm32.c.o)
 .text.stm32_exti_enable
                0x00000000080012d0       0x24 /home/henco/lab5/reference/.pio/build/msgq_interrupt/zephyr/drivers/interrupt_controller/libdrivers__interrupt_controller.a(intc_exti_stm32.c.o)
                0x00000000080012d0                stm32_exti_enable
 .text.stm32_exti_disable
                0x00000000080012f4       0x18 /home/henco/lab5/reference/.pio/build/msgq_interrupt/zephyr/drivers/interrupt_controller/libdrivers__interrupt_controller.a(intc_exti_stm32.c.o)
                0x00000000080012f4                stm32_exti_disable
 .text.stm32_exti_trigger
                0x000000000800130c       0x5c /home/henco/lab5/reference/.pio/build/msgq_interrupt/zephyr/drivers/interrupt_controller/libdrivers__interrupt_controller.a(intc_exti_stm32.c.o)
                0x000000000800130c                stm32_exti_trigger
 .text.stm32_exti_set_callback
                0x0000000008001368       0x20 /home/henco/lab5/reference/.pio/build/msgq_interrupt/zephyr/drivers/interrupt_controller/libdrivers__interrupt_controller.a(intc_exti_stm32.c.o)
                0x0000000008001368                stm32_exti_set_callback
 .text.stm32_exti_unset_callback
                0x0000000008001388       0x14 /home/henco/lab5/reference/.pio/build/msgq_interrupt/zephyr/drivers/interrupt_controller/libdrivers__interrupt_controller.a(intc_exti_stm32.c.o)
                0x0000000008001388                stm32_exti_unset_callback
 .text.stm32_clock_control_on
                0x000000000800139c       0x5c /home/henco/lab5/reference/.pio/build/msgq_interrupt/zephyr/drivers/clock_control/libdrivers__clock_control.a(clock_stm32_ll_common.c.o)
 .text.stm32_clock_control_off
                0x00000000080013f8       0x40 /home/henco/lab5/reference/.pio/build/msgq_interrupt/zephyr/drivers/clock_control/libdrivers__clock_control.a(clock_stm32_ll_common.c.o)
 .text.stm32_clock_control_get_subsys_rate
                0x0000000008001438       0x30 /home/henco/lab5/reference/.pio/build/msgq_interrupt/zephyr/drivers/clock_control/libdrivers__clock_control.a(clock_stm32_ll_common.c.o)
 .text.stm32_clock_control_init
                0x0000000008001468       0x74 /home/henco/lab5/reference/.pio/build/msgq_interrupt/zephyr/drivers/clock_control/libdrivers__clock_control.a(clock_stm32_ll_common.c.o)
                0x0000000008001468                stm32_clock_control_init
 .text.config_enable_default_clocks
                0x00000000080014dc       0x1c /home/henco/lab5/reference/.pio/build/msgq_interrupt/zephyr/drivers/clock_control/libdrivers__clock_control.a(clock_stm32f0_f3.c.o)
                0x00000000080014dc                config_enable_default_clocks
 .text.uart_console_init
                0x00000000080014f8       0x34 /home/henco/lab5/reference/.pio/build/msgq_interrupt/zephyr/drivers/console/libdrivers__console.a(uart_console.c.o)
 .text.console_out
                0x000000000800152c       0x28 /home/henco/lab5/reference/.pio/build/msgq_interrupt/zephyr/drivers/console/libdrivers__console.a(uart_console.c.o)
 .text.gpio_stm32_pin_interrupt_configure
                0x0000000008001554       0xcc /home/henco/lab5/reference/.pio/build/msgq_interrupt/zephyr/drivers/gpio/libdrivers__gpio.a(gpio_stm32.c.o)
 .text.gpio_stm32_clock_request
                0x0000000008001620       0x3c /home/henco/lab5/reference/.pio/build/msgq_interrupt/zephyr/drivers/gpio/libdrivers__gpio.a(gpio_stm32.c.o)
                0x0000000008001620                gpio_stm32_clock_request
 .text.uart_stm32_config_get
                0x000000000800165c       0xa4 /home/henco/lab5/reference/.pio/build/msgq_interrupt/zephyr/drivers/serial/libdrivers__serial.a(uart_stm32.c.o)
 .text.uart_stm32_irq_err_enable
                0x0000000008001700       0x4c /home/henco/lab5/reference/.pio/build/msgq_interrupt/zephyr/drivers/serial/libdrivers__serial.a(uart_stm32.c.o)
 .text.uart_stm32_irq_err_disable
                0x000000000800174c       0x50 /home/henco/lab5/reference/.pio/build/msgq_interrupt/zephyr/drivers/serial/libdrivers__serial.a(uart_stm32.c.o)
 .text.uart_stm32_set_baudrate
                0x000000000800179c       0x4c /home/henco/lab5/reference/.pio/build/msgq_interrupt/zephyr/drivers/serial/libdrivers__serial.a(uart_stm32.c.o)
 .text.uart_stm32_init
                0x00000000080017e8       0xe0 /home/henco/lab5/reference/.pio/build/msgq_interrupt/zephyr/drivers/serial/libdrivers__serial.a(uart_stm32.c.o)
 .text.uart_stm32_configure
                0x00000000080018c8      0x168 /home/henco/lab5/reference/.pio/build/msgq_interrupt/zephyr/drivers/serial/libdrivers__serial.a(uart_stm32.c.o)
 .text.elapsed  0x0000000008001a30       0x38 /home/henco/lab5/reference/.pio/build/msgq_interrupt/zephyr/drivers/timer/libdrivers__timer.a(cortex_m_systick.c.o)
 .text.sys_clock_isr
                0x0000000008001a68       0x44 /home/henco/lab5/reference/.pio/build/msgq_interrupt/zephyr/drivers/timer/libdrivers__timer.a(cortex_m_systick.c.o)
                0x0000000008001a68                sys_clock_isr
 .text.sys_clock_driver_init
                0x0000000008001aac       0x3c /home/henco/lab5/reference/.pio/build/msgq_interrupt/zephyr/drivers/timer/libdrivers__timer.a(cortex_m_systick.c.o)
                0x0000000008001aac                sys_clock_driver_init
 .text.sys_clock_set_timeout
                0x0000000008001ae8      0x104 /home/henco/lab5/reference/.pio/build/msgq_interrupt/zephyr/drivers/timer/libdrivers__timer.a(cortex_m_systick.c.o)
                0x0000000008001ae8                sys_clock_set_timeout
 .text.sys_clock_elapsed
                0x0000000008001bec       0x34 /home/henco/lab5/reference/.pio/build/msgq_interrupt/zephyr/drivers/timer/libdrivers__timer.a(cortex_m_systick.c.o)
                0x0000000008001bec                sys_clock_elapsed
 .text.LL_RCC_PLL_ConfigDomain_SYS
                0x0000000008001c20       0x24 /home/henco/lab5/reference/.pio/build/msgq_interrupt/modules/stm32/stm32cube/lib_pio__modules__hal__stm32__stm32cube.a(stm32f0xx_ll_utils.c.o)
 .text.UTILS_PLL_IsBusy
                0x0000000008001c44       0x10 /home/henco/lab5/reference/.pio/build/msgq_interrupt/modules/stm32/stm32cube/lib_pio__modules__hal__stm32__stm32cube.a(stm32f0xx_ll_utils.c.o)
 .text.LL_SetFlashLatency
                0x0000000008001c54       0x38 /home/henco/lab5/reference/.pio/build/msgq_interrupt/modules/stm32/stm32cube/lib_pio__modules__hal__stm32__stm32cube.a(stm32f0xx_ll_utils.c.o)
                0x0000000008001c54                LL_SetFlashLatency
 .text.UTILS_EnablePLLAndSwitchSystem
                0x0000000008001c8c       0xa0 /home/henco/lab5/reference/.pio/build/msgq_interrupt/modules/stm32/stm32cube/lib_pio__modules__hal__stm32__stm32cube.a(stm32f0xx_ll_utils.c.o)
 .text.LL_PLL_ConfigSystemClock_HSI
                0x0000000008001d2c       0x64 /home/henco/lab5/reference/.pio/build/msgq_interrupt/modules/stm32/stm32cube/lib_pio__modules__hal__stm32__stm32cube.a(stm32f0xx_ll_utils.c.o)
                0x0000000008001d2c                LL_PLL_ConfigSystemClock_HSI
 .text.z_sys_init_run_level
                0x0000000008001d90       0x44 /home/henco/lab5/reference/.pio/build/msgq_interrupt/zephyr/kernel/libkernel.a(device.c.o)
                0x0000000008001d90                z_sys_init_run_level
 .text.z_impl_device_get_binding
                0x0000000008001dd4       0x5c /home/henco/lab5/reference/.pio/build/msgq_interrupt/zephyr/kernel/libkernel.a(device.c.o)
                0x0000000008001dd4                z_impl_device_get_binding
 .text.init_idle_thread
                0x0000000008001e30       0x54 /home/henco/lab5/reference/.pio/build/msgq_interrupt/zephyr/kernel/libkernel.a(init.c.o)
 .text.bg_thread_main
                0x0000000008001e84       0x34 /home/henco/lab5/reference/.pio/build/msgq_interrupt/zephyr/kernel/libkernel.a(init.c.o)
 .text.z_bss_zero
                0x0000000008001eb8       0x18 /home/henco/lab5/reference/.pio/build/msgq_interrupt/zephyr/kernel/libkernel.a(init.c.o)
                0x0000000008001eb8                z_bss_zero
 .text.z_cstart
                0x0000000008001ed0       0xb8 /home/henco/lab5/reference/.pio/build/msgq_interrupt/zephyr/kernel/libkernel.a(init.c.o)
                0x0000000008001ed0                z_cstart
 .text.z_setup_new_thread
                0x0000000008001f88       0x58 /home/henco/lab5/reference/.pio/build/msgq_interrupt/zephyr/kernel/libkernel.a(thread.c.o)
                0x0000000008001f88                z_setup_new_thread
 .text.z_impl_k_thread_create
                0x0000000008001fe0       0x58 /home/henco/lab5/reference/.pio/build/msgq_interrupt/zephyr/kernel/libkernel.a(thread.c.o)
                0x0000000008001fe0                z_impl_k_thread_create
 .text.z_init_static_threads
                0x0000000008002038       0x90 /home/henco/lab5/reference/.pio/build/msgq_interrupt/zephyr/kernel/libkernel.a(thread.c.o)
                0x0000000008002038                z_init_static_threads
 .text.z_impl_k_msgq_put
                0x00000000080020c8       0x9c /home/henco/lab5/reference/.pio/build/msgq_interrupt/zephyr/kernel/libkernel.a(msg_q.c.o)
                0x00000000080020c8                z_impl_k_msgq_put
 .text.z_impl_k_msgq_get
                0x0000000008002164       0xa8 /home/henco/lab5/reference/.pio/build/msgq_interrupt/zephyr/kernel/libkernel.a(msg_q.c.o)
                0x0000000008002164                z_impl_k_msgq_get
 .text.z_reset_time_slice
                0x000000000800220c       0x28 /home/henco/lab5/reference/.pio/build/msgq_interrupt/zephyr/kernel/libkernel.a(sched.c.o)
                0x000000000800220c                z_reset_time_slice
 .text.k_sched_time_slice_set
                0x0000000008002234       0x44 /home/henco/lab5/reference/.pio/build/msgq_interrupt/zephyr/kernel/libkernel.a(sched.c.o)
                0x0000000008002234                k_sched_time_slice_set
 .text.z_reschedule
                0x0000000008002278       0x2c /home/henco/lab5/reference/.pio/build/msgq_interrupt/zephyr/kernel/libkernel.a(sched.c.o)
                0x0000000008002278                z_reschedule
 .text.k_sched_lock
                0x00000000080022a4       0x20 /home/henco/lab5/reference/.pio/build/msgq_interrupt/zephyr/kernel/libkernel.a(sched.c.o)
                0x00000000080022a4                k_sched_lock
 .text.update_cache
                0x00000000080022c4       0x44 /home/henco/lab5/reference/.pio/build/msgq_interrupt/zephyr/kernel/libkernel.a(sched.c.o)
 .text.move_thread_to_end_of_prio_q
                0x0000000008002308       0x78 /home/henco/lab5/reference/.pio/build/msgq_interrupt/zephyr/kernel/libkernel.a(sched.c.o)
 .text.z_time_slice
                0x0000000008002380       0x7c /home/henco/lab5/reference/.pio/build/msgq_interrupt/zephyr/kernel/libkernel.a(sched.c.o)
                0x0000000008002380                z_time_slice
 .text.ready_thread
                0x00000000080023fc       0x6c /home/henco/lab5/reference/.pio/build/msgq_interrupt/zephyr/kernel/libkernel.a(sched.c.o)
 .text.z_sched_start
                0x0000000008002468       0x34 /home/henco/lab5/reference/.pio/build/msgq_interrupt/zephyr/kernel/libkernel.a(sched.c.o)
                0x0000000008002468                z_sched_start
 .text.unready_thread
                0x000000000800249c       0x2c /home/henco/lab5/reference/.pio/build/msgq_interrupt/zephyr/kernel/libkernel.a(sched.c.o)
 .text.pend     0x00000000080024c8       0x3c /home/henco/lab5/reference/.pio/build/msgq_interrupt/zephyr/kernel/libkernel.a(sched.c.o)
 .text.z_pend_curr
                0x0000000008002504       0x28 /home/henco/lab5/reference/.pio/build/msgq_interrupt/zephyr/kernel/libkernel.a(sched.c.o)
                0x0000000008002504                z_pend_curr
 .text.z_impl_k_thread_suspend
                0x000000000800252c       0x54 /home/henco/lab5/reference/.pio/build/msgq_interrupt/zephyr/kernel/libkernel.a(sched.c.o)
                0x000000000800252c                z_impl_k_thread_suspend
 .text.k_sched_unlock
                0x0000000008002580       0x2c /home/henco/lab5/reference/.pio/build/msgq_interrupt/zephyr/kernel/libkernel.a(sched.c.o)
                0x0000000008002580                k_sched_unlock
 .text.z_sched_init
                0x00000000080025ac       0x1c /home/henco/lab5/reference/.pio/build/msgq_interrupt/zephyr/kernel/libkernel.a(sched.c.o)
                0x00000000080025ac                z_sched_init
 .text.z_impl_k_yield
                0x00000000080025c8       0x7c /home/henco/lab5/reference/.pio/build/msgq_interrupt/zephyr/kernel/libkernel.a(sched.c.o)
                0x00000000080025c8                z_impl_k_yield
 .text.z_tick_sleep
                0x0000000008002644       0x94 /home/henco/lab5/reference/.pio/build/msgq_interrupt/zephyr/kernel/libkernel.a(sched.c.o)
 .text.z_impl_k_sleep
                0x00000000080026d8       0x30 /home/henco/lab5/reference/.pio/build/msgq_interrupt/zephyr/kernel/libkernel.a(sched.c.o)
                0x00000000080026d8                z_impl_k_sleep
 .text.z_impl_z_current_get
                0x0000000008002708        0xc /home/henco/lab5/reference/.pio/build/msgq_interrupt/zephyr/kernel/libkernel.a(sched.c.o)
                0x0000000008002708                z_impl_z_current_get
 .text.z_thread_abort
                0x0000000008002714       0xa0 /home/henco/lab5/reference/.pio/build/msgq_interrupt/zephyr/kernel/libkernel.a(sched.c.o)
                0x0000000008002714                z_thread_abort
 .text.z_data_copy
                0x00000000080027b4       0x34 /home/henco/lab5/reference/.pio/build/msgq_interrupt/zephyr/kernel/libkernel.a(xip.c.o)
                0x00000000080027b4                z_data_copy
 .text.elapsed  0x00000000080027e8       0x18 /home/henco/lab5/reference/.pio/build/msgq_interrupt/zephyr/kernel/libkernel.a(timeout.c.o)
 .text.remove_timeout
                0x0000000008002800       0x38 /home/henco/lab5/reference/.pio/build/msgq_interrupt/zephyr/kernel/libkernel.a(timeout.c.o)
 .text.next_timeout
                0x0000000008002838       0x58 /home/henco/lab5/reference/.pio/build/msgq_interrupt/zephyr/kernel/libkernel.a(timeout.c.o)
 .text.z_add_timeout
                0x0000000008002890       0xf0 /home/henco/lab5/reference/.pio/build/msgq_interrupt/zephyr/kernel/libkernel.a(timeout.c.o)
                0x0000000008002890                z_add_timeout
 .text.sys_clock_announce
                0x0000000008002980       0xe8 /home/henco/lab5/reference/.pio/build/msgq_interrupt/zephyr/kernel/libkernel.a(timeout.c.o)
                0x0000000008002980                sys_clock_announce
 .text.sys_clock_tick_get
                0x0000000008002a68       0x30 /home/henco/lab5/reference/.pio/build/msgq_interrupt/zephyr/kernel/libkernel.a(timeout.c.o)
                0x0000000008002a68                sys_clock_tick_get
 .text.boot_banner
                0x0000000008002a98       0x1c /home/henco/lab5/reference/.pio/build/msgq_interrupt/zephyr/kernel/libkernel.a(banner.c.o)
                0x0000000008002a98                boot_banner
 .text.statics_init
                0x0000000008002ab4       0x24 /home/henco/lab5/reference/.pio/build/msgq_interrupt/zephyr/kernel/libkernel.a(kheap.c.o)
 .text.main     0x0000000008002ad8        0x8 .pio/build/msgq_interrupt/src/main.o
                0x0000000008002ad8                main
 .text.arch_printk_char_out
                0x0000000008002ae0        0x4 /home/henco/lab5/reference/.pio/build/msgq_interrupt/zephyr/libzephyr.a(printk.c.o)
                0x0000000008002ae0                arch_printk_char_out
 .text.printk   0x0000000008002ae4       0x16 /home/henco/lab5/reference/.pio/build/msgq_interrupt/zephyr/libzephyr.a(printk.c.o)
                0x0000000008002ae4                printk
 .text.z_thread_entry
                0x0000000008002afa       0x14 /home/henco/lab5/reference/.pio/build/msgq_interrupt/zephyr/libzephyr.a(thread_entry.c.o)
                0x0000000008002afa                z_thread_entry
 .text.chunk_size
                0x0000000008002b0e        0xc /home/henco/lab5/reference/.pio/build/msgq_interrupt/zephyr/libzephyr.a(heap.c.o)
 .text.set_chunk_size
                0x0000000008002b1a        0xc /home/henco/lab5/reference/.pio/build/msgq_interrupt/zephyr/libzephyr.a(heap.c.o)
 .text.outs     0x0000000008002b26       0x2c /home/henco/lab5/reference/.pio/build/msgq_interrupt/zephyr/libzephyr.a(cbprintf_complete.c.o)
 .text._ConfigAbsSyms
                0x0000000008002b52        0x2 /home/henco/lab5/reference/.pio/build/msgq_interrupt/zephyr/libzephyr.a(configs.c.o)
                0x0000000008002b52                _ConfigAbsSyms
 .text.st_stm32_common_config
                0x0000000008002b54        0x4 /home/henco/lab5/reference/.pio/build/msgq_interrupt/zephyr/libzephyr.a(soc_config.c.o)
 .text.stm32_dt_pinctrl_configure
                0x0000000008002b58       0x4a /home/henco/lab5/reference/.pio/build/msgq_interrupt/zephyr/libzephyr.a(pinmux_stm32.c.o)
                0x0000000008002b58                stm32_dt_pinctrl_configure
 .text.z_arm_fatal_error
                0x0000000008002ba2        0x8 /home/henco/lab5/reference/.pio/build/msgq_interrupt/zephyr/arch/arch/arm/core/aarch32/libarch__arm__core__aarch32.a(fatal.c.o)
                0x0000000008002ba2                z_arm_fatal_error
 .text.z_do_kernel_oops
                0x0000000008002baa        0xc /home/henco/lab5/reference/.pio/build/msgq_interrupt/zephyr/arch/arch/arm/core/aarch32/libarch__arm__core__aarch32.a(fatal.c.o)
                0x0000000008002baa                z_do_kernel_oops
 .text.z_irq_spurious
                0x0000000008002bb6        0xc /home/henco/lab5/reference/.pio/build/msgq_interrupt/zephyr/arch/arch/arm/core/aarch32/libarch__arm__core__aarch32.a(irq_manage.c.o)
                0x0000000008002bb6                z_irq_spurious
 .text.z_arm_nmi
                0x0000000008002bc2        0xc /home/henco/lab5/reference/.pio/build/msgq_interrupt/zephyr/arch/arch/arm/core/aarch32/libarch__arm__core__aarch32.a(nmi.c.o)
                0x0000000008002bc2                z_arm_nmi
 .text.z_arm_prep_c
                0x0000000008002bce       0x16 /home/henco/lab5/reference/.pio/build/msgq_interrupt/zephyr/arch/arch/arm/core/aarch32/libarch__arm__core__aarch32.a(prep_c.c.o)
                0x0000000008002bce                z_arm_prep_c
 .text.z_arm_fault_init
                0x0000000008002be4        0x2 /home/henco/lab5/reference/.pio/build/msgq_interrupt/zephyr/arch/arch/arm/core/aarch32/cortex_m/libarch__arm__core__aarch32__cortex_m.a(fault.c.o)
                0x0000000008002be4                z_arm_fault_init
 .text.malloc_prepare
                0x0000000008002be6        0x4 /home/henco/lab5/reference/.pio/build/msgq_interrupt/zephyr/lib/libc/newlib/liblib__libc__newlib.a(libc-hooks.c.o)
 .text._stdout_hook_default
                0x0000000008002bea        0x6 /home/henco/lab5/reference/.pio/build/msgq_interrupt/zephyr/lib/libc/newlib/liblib__libc__newlib.a(libc-hooks.c.o)
 .text.__stm32_exti_isr_0_1
                0x0000000008002bf0        0xe /home/henco/lab5/reference/.pio/build/msgq_interrupt/zephyr/drivers/interrupt_controller/libdrivers__interrupt_controller.a(intc_exti_stm32.c.o)
 .text.__stm32_exti_isr_2_3
                0x0000000008002bfe        0xe /home/henco/lab5/reference/.pio/build/msgq_interrupt/zephyr/drivers/interrupt_controller/libdrivers__interrupt_controller.a(intc_exti_stm32.c.o)
 .text.__stm32_exti_isr_4_15
                0x0000000008002c0c        0xe /home/henco/lab5/reference/.pio/build/msgq_interrupt/zephyr/drivers/interrupt_controller/libdrivers__interrupt_controller.a(intc_exti_stm32.c.o)
 .text.stm32_exti_init
                0x0000000008002c1a       0x24 /home/henco/lab5/reference/.pio/build/msgq_interrupt/zephyr/drivers/interrupt_controller/libdrivers__interrupt_controller.a(intc_exti_stm32.c.o)
 .text.config_pll_init
                0x0000000008002c3e        0xc /home/henco/lab5/reference/.pio/build/msgq_interrupt/zephyr/drivers/clock_control/libdrivers__clock_control.a(clock_stm32f0_f3.c.o)
                0x0000000008002c3e                config_pll_init
 .text.LL_RCC_MSI_Disable
                0x0000000008002c4a        0x2 /home/henco/lab5/reference/.pio/build/msgq_interrupt/zephyr/drivers/clock_control/libdrivers__clock_control.a(clock_stm32f0_f3.c.o)
                0x0000000008002c4a                LL_RCC_MSI_Disable
 .text.gpio_stm32_isr
                0x0000000008002c4c       0x2a /home/henco/lab5/reference/.pio/build/msgq_interrupt/zephyr/drivers/gpio/libdrivers__gpio.a(gpio_stm32.c.o)
 .text.gpio_stm32_port_get_raw
                0x0000000008002c76        0xc /home/henco/lab5/reference/.pio/build/msgq_interrupt/zephyr/drivers/gpio/libdrivers__gpio.a(gpio_stm32.c.o)
 .text.gpio_stm32_port_set_masked_raw
                0x0000000008002c82       0x12 /home/henco/lab5/reference/.pio/build/msgq_interrupt/zephyr/drivers/gpio/libdrivers__gpio.a(gpio_stm32.c.o)
 .text.gpio_stm32_port_set_bits_raw
                0x0000000008002c94        0xa /home/henco/lab5/reference/.pio/build/msgq_interrupt/zephyr/drivers/gpio/libdrivers__gpio.a(gpio_stm32.c.o)
 .text.gpio_stm32_port_clear_bits_raw
                0x0000000008002c9e        0xa /home/henco/lab5/reference/.pio/build/msgq_interrupt/zephyr/drivers/gpio/libdrivers__gpio.a(gpio_stm32.c.o)
 .text.gpio_stm32_port_toggle_bits
                0x0000000008002ca8        0xe /home/henco/lab5/reference/.pio/build/msgq_interrupt/zephyr/drivers/gpio/libdrivers__gpio.a(gpio_stm32.c.o)
 .text.gpio_stm32_manage_callback
                0x0000000008002cb6       0x5e /home/henco/lab5/reference/.pio/build/msgq_interrupt/zephyr/drivers/gpio/libdrivers__gpio.a(gpio_stm32.c.o)
 .text.gpio_stm32_configure
                0x0000000008002d14       0x9a /home/henco/lab5/reference/.pio/build/msgq_interrupt/zephyr/drivers/gpio/libdrivers__gpio.a(gpio_stm32.c.o)
                0x0000000008002d14                gpio_stm32_configure
 .text.gpio_stm32_config
                0x0000000008002dae       0x76 /home/henco/lab5/reference/.pio/build/msgq_interrupt/zephyr/drivers/gpio/libdrivers__gpio.a(gpio_stm32.c.o)
 .text.gpio_stm32_init
                0x0000000008002e24        0xe /home/henco/lab5/reference/.pio/build/msgq_interrupt/zephyr/drivers/gpio/libdrivers__gpio.a(gpio_stm32.c.o)
 .text.uart_stm32_err_check
                0x0000000008002e32       0x40 /home/henco/lab5/reference/.pio/build/msgq_interrupt/zephyr/drivers/serial/libdrivers__serial.a(uart_stm32.c.o)
 .text.uart_stm32_irq_tx_enable
                0x0000000008002e72       0x1c /home/henco/lab5/reference/.pio/build/msgq_interrupt/zephyr/drivers/serial/libdrivers__serial.a(uart_stm32.c.o)
 .text.uart_stm32_irq_tx_disable
                0x0000000008002e8e       0x1c /home/henco/lab5/reference/.pio/build/msgq_interrupt/zephyr/drivers/serial/libdrivers__serial.a(uart_stm32.c.o)
 .text.uart_stm32_irq_rx_enable
                0x0000000008002eaa       0x1c /home/henco/lab5/reference/.pio/build/msgq_interrupt/zephyr/drivers/serial/libdrivers__serial.a(uart_stm32.c.o)
 .text.uart_stm32_irq_rx_disable
                0x0000000008002ec6       0x1c /home/henco/lab5/reference/.pio/build/msgq_interrupt/zephyr/drivers/serial/libdrivers__serial.a(uart_stm32.c.o)
 .text.uart_stm32_irq_is_pending
                0x0000000008002ee2       0x24 /home/henco/lab5/reference/.pio/build/msgq_interrupt/zephyr/drivers/serial/libdrivers__serial.a(uart_stm32.c.o)
 .text.uart_stm32_irq_update
                0x0000000008002f06        0x4 /home/henco/lab5/reference/.pio/build/msgq_interrupt/zephyr/drivers/serial/libdrivers__serial.a(uart_stm32.c.o)
 .text.uart_stm32_irq_callback_set
                0x0000000008002f0a        0x8 /home/henco/lab5/reference/.pio/build/msgq_interrupt/zephyr/drivers/serial/libdrivers__serial.a(uart_stm32.c.o)
 .text.uart_stm32_isr
                0x0000000008002f12       0x10 /home/henco/lab5/reference/.pio/build/msgq_interrupt/zephyr/drivers/serial/libdrivers__serial.a(uart_stm32.c.o)
 .text.uart_stm32_irq_config_func_0
                0x0000000008002f22       0x14 /home/henco/lab5/reference/.pio/build/msgq_interrupt/zephyr/drivers/serial/libdrivers__serial.a(uart_stm32.c.o)
 .text.uart_stm32_poll_out
                0x0000000008002f36       0x12 /home/henco/lab5/reference/.pio/build/msgq_interrupt/zephyr/drivers/serial/libdrivers__serial.a(uart_stm32.c.o)
 .text.uart_stm32_fifo_fill
                0x0000000008002f48       0x22 /home/henco/lab5/reference/.pio/build/msgq_interrupt/zephyr/drivers/serial/libdrivers__serial.a(uart_stm32.c.o)
 .text.uart_stm32_irq_tx_complete
                0x0000000008002f6a        0xc /home/henco/lab5/reference/.pio/build/msgq_interrupt/zephyr/drivers/serial/libdrivers__serial.a(uart_stm32.c.o)
 .text.uart_stm32_irq_rx_ready
                0x0000000008002f76        0xc /home/henco/lab5/reference/.pio/build/msgq_interrupt/zephyr/drivers/serial/libdrivers__serial.a(uart_stm32.c.o)
 .text.uart_stm32_fifo_read
                0x0000000008002f82       0x2e /home/henco/lab5/reference/.pio/build/msgq_interrupt/zephyr/drivers/serial/libdrivers__serial.a(uart_stm32.c.o)
 .text.uart_stm32_poll_in
                0x0000000008002fb0       0x22 /home/henco/lab5/reference/.pio/build/msgq_interrupt/zephyr/drivers/serial/libdrivers__serial.a(uart_stm32.c.o)
 .text.uart_stm32_irq_tx_ready
                0x0000000008002fd2       0x14 /home/henco/lab5/reference/.pio/build/msgq_interrupt/zephyr/drivers/serial/libdrivers__serial.a(uart_stm32.c.o)
 .text._OffsetAbsSyms
                0x0000000008002fe6        0x2 /home/henco/lab5/reference/.pio/build/msgq_interrupt/zephyr/liboffsets.a(offsets.c.o)
                0x0000000008002fe6                _OffsetAbsSyms
 .text.z_device_state_init
                0x0000000008002fe8        0x2 /home/henco/lab5/reference/.pio/build/msgq_interrupt/zephyr/kernel/libkernel.a(device.c.o)
                0x0000000008002fe8                z_device_state_init
 .text.z_device_ready
                0x0000000008002fea       0x1a /home/henco/lab5/reference/.pio/build/msgq_interrupt/zephyr/kernel/libkernel.a(device.c.o)
                0x0000000008002fea                z_device_ready
 .text.arch_system_halt
                0x0000000008003004        0x8 /home/henco/lab5/reference/.pio/build/msgq_interrupt/zephyr/kernel/libkernel.a(fatal.c.o)
                0x0000000008003004                arch_system_halt
 .text.k_sys_fatal_error_handler
                0x000000000800300c        0x6 /home/henco/lab5/reference/.pio/build/msgq_interrupt/zephyr/kernel/libkernel.a(fatal.c.o)
                0x000000000800300c                k_sys_fatal_error_handler
 .text.z_fatal_error
                0x0000000008003012       0x2c /home/henco/lab5/reference/.pio/build/msgq_interrupt/zephyr/kernel/libkernel.a(fatal.c.o)
                0x0000000008003012                z_fatal_error
 .text.idle     0x000000000800303e        0xe /home/henco/lab5/reference/.pio/build/msgq_interrupt/zephyr/kernel/libkernel.a(idle.c.o)
                0x000000000800303e                idle
 .text.k_msgq_init
                0x000000000800304c       0x1e /home/henco/lab5/reference/.pio/build/msgq_interrupt/zephyr/kernel/libkernel.a(msg_q.c.o)
                0x000000000800304c                k_msgq_init
 .text.z_impl_k_msgq_purge
                0x000000000800306a       0x34 /home/henco/lab5/reference/.pio/build/msgq_interrupt/zephyr/kernel/libkernel.a(msg_q.c.o)
                0x000000000800306a                z_impl_k_msgq_purge
 .text.sys_dlist_remove
                0x000000000800309e       0x10 /home/henco/lab5/reference/.pio/build/msgq_interrupt/zephyr/kernel/libkernel.a(sched.c.o)
 .text.unpend_thread_no_timeout
                0x00000000080030ae       0x16 /home/henco/lab5/reference/.pio/build/msgq_interrupt/zephyr/kernel/libkernel.a(sched.c.o)
 .text.z_reschedule_irqlock
                0x00000000080030c4       0x1c /home/henco/lab5/reference/.pio/build/msgq_interrupt/zephyr/kernel/libkernel.a(sched.c.o)
                0x00000000080030c4                z_reschedule_irqlock
 .text.z_reschedule_unlocked
                0x00000000080030e0        0xe /home/henco/lab5/reference/.pio/build/msgq_interrupt/zephyr/kernel/libkernel.a(sched.c.o)
 .text.z_priq_dumb_best
                0x00000000080030ee        0xc /home/henco/lab5/reference/.pio/build/msgq_interrupt/zephyr/kernel/libkernel.a(sched.c.o)
                0x00000000080030ee                z_priq_dumb_best
 .text.z_ready_thread
                0x00000000080030fa       0x18 /home/henco/lab5/reference/.pio/build/msgq_interrupt/zephyr/kernel/libkernel.a(sched.c.o)
                0x00000000080030fa                z_ready_thread
 .text.z_thread_timeout
                0x0000000008003112       0x3e /home/henco/lab5/reference/.pio/build/msgq_interrupt/zephyr/kernel/libkernel.a(sched.c.o)
                0x0000000008003112                z_thread_timeout
 .text.add_to_waitq_locked
                0x0000000008003150       0x58 /home/henco/lab5/reference/.pio/build/msgq_interrupt/zephyr/kernel/libkernel.a(sched.c.o)
 .text.z_unpend_first_thread
                0x00000000080031a8       0x2a /home/henco/lab5/reference/.pio/build/msgq_interrupt/zephyr/kernel/libkernel.a(sched.c.o)
                0x00000000080031a8                z_unpend_first_thread
 .text.z_abort_timeout
                0x00000000080031d2       0x26 /home/henco/lab5/reference/.pio/build/msgq_interrupt/zephyr/kernel/libkernel.a(timeout.c.o)
                0x00000000080031d2                z_abort_timeout
 .text.z_set_timeout_expiry
                0x00000000080031f8       0x2c /home/henco/lab5/reference/.pio/build/msgq_interrupt/zephyr/kernel/libkernel.a(timeout.c.o)
                0x00000000080031f8                z_set_timeout_expiry
 .text.sys_clock_tick_get_32
                0x0000000008003224        0x8 /home/henco/lab5/reference/.pio/build/msgq_interrupt/zephyr/kernel/libkernel.a(timeout.c.o)
                0x0000000008003224                sys_clock_tick_get_32
 .text.k_heap_init
                0x000000000800322c       0x10 /home/henco/lab5/reference/.pio/build/msgq_interrupt/zephyr/kernel/libkernel.a(kheap.c.o)
                0x000000000800322c                k_heap_init
 .text.memcpy   0x000000000800323c       0x12 /home/henco/.platformio/packages/toolchain-gccarmnoneeabi/arm-none-eabi/lib/thumb/v6-m/nofp/libc_nano.a(lib_a-memcpy-stub.o)
                0x000000000800323c                memcpy
 .text.memset   0x000000000800324e       0x10 /home/henco/.platformio/packages/toolchain-gccarmnoneeabi/arm-none-eabi/lib/thumb/v6-m/nofp/libc_nano.a(lib_a-memset.o)
                0x000000000800324e                memset
 .text.strnlen  0x000000000800325e       0x16 /home/henco/.platformio/packages/toolchain-gccarmnoneeabi/arm-none-eabi/lib/thumb/v6-m/nofp/libc_nano.a(lib_a-strnlen.o)
                0x000000000800325e                strnlen
 *(SORT_BY_ALIGNMENT(.TEXT.*))
 *(SORT_BY_ALIGNMENT(.gnu.linkonce.t.*))
 *(SORT_BY_ALIGNMENT(.glue_7t))
 .glue_7t       0x0000000008003274        0x0 linker stubs
 *(SORT_BY_ALIGNMENT(.glue_7))
 .glue_7        0x0000000008003274        0x0 linker stubs
 *(SORT_BY_ALIGNMENT(.vfp11_veneer))
 .vfp11_veneer  0x0000000008003274        0x0 linker stubs
 *(SORT_BY_ALIGNMENT(.v4_bx))
 .v4_bx         0x0000000008003274        0x0 linker stubs
                0x0000000008003274                __text_region_end = .

.ARM.exidx      0x0000000008003274        0x8
                0x0000000008003274                __exidx_start = .
 *(SORT_BY_ALIGNMENT(.ARM.exidx*) SORT_BY_ALIGNMENT(gnu.linkonce.armexidx.*))
 .ARM.exidx     0x0000000008003274        0x8 /home/henco/.platformio/packages/toolchain-gccarmnoneeabi/lib/gcc/arm-none-eabi/8.2.1/thumb/v6-m/nofp/libgcc.a(_udivmoddi4.o)
                0x000000000800327c                __exidx_end = .
                0x000000000800327c                __rodata_region_start = .

initlevel       0x000000000800327c       0x78
                0x000000000800327c                __init_start = .
                0x000000000800327c                __init_PRE_KERNEL_1_start = .
 *(SORT_BY_NAME(SORT_BY_ALIGNMENT(.z_init_PRE_KERNEL_1[0-9]_*)))
 .z_init_PRE_KERNEL_10_
                0x000000000800327c        0x8 /home/henco/lab5/reference/.pio/build/msgq_interrupt/zephyr/libzephyr.a(soc.c.o)
 .z_init_PRE_KERNEL_11_
                0x0000000008003284        0x8 /home/henco/lab5/reference/.pio/build/msgq_interrupt/zephyr/libzephyr.a(soc_config.c.o)
 .z_init_PRE_KERNEL_11_
                0x000000000800328c        0x8 /home/henco/lab5/reference/.pio/build/msgq_interrupt/zephyr/drivers/clock_control/libdrivers__clock_control.a(clock_stm32_ll_common.c.o)
 *(SORT_BY_NAME(SORT_BY_ALIGNMENT(.z_init_PRE_KERNEL_1[1-9][0-9]_*)))
 .z_init_PRE_KERNEL_130_
                0x0000000008003294        0x8 /home/henco/lab5/reference/.pio/build/msgq_interrupt/zephyr/kernel/libkernel.a(kheap.c.o)
 .z_init_PRE_KERNEL_140_
                0x000000000800329c       0x30 /home/henco/lab5/reference/.pio/build/msgq_interrupt/zephyr/drivers/gpio/libdrivers__gpio.a(gpio_stm32.c.o)
 .z_init_PRE_KERNEL_150_
                0x00000000080032cc        0x8 /home/henco/lab5/reference/.pio/build/msgq_interrupt/zephyr/drivers/interrupt_controller/libdrivers__interrupt_controller.a(intc_exti_stm32.c.o)
 .z_init_PRE_KERNEL_155_
                0x00000000080032d4        0x8 /home/henco/lab5/reference/.pio/build/msgq_interrupt/zephyr/drivers/serial/libdrivers__serial.a(uart_stm32.c.o)
 .z_init_PRE_KERNEL_160_
                0x00000000080032dc        0x8 /home/henco/lab5/reference/.pio/build/msgq_interrupt/zephyr/drivers/console/libdrivers__console.a(uart_console.c.o)
                0x00000000080032e4                __init_PRE_KERNEL_2_start = .
 *(SORT_BY_NAME(SORT_BY_ALIGNMENT(.z_init_PRE_KERNEL_2[0-9]_*)))
 .z_init_PRE_KERNEL_20_
                0x00000000080032e4        0x8 /home/henco/lab5/reference/.pio/build/msgq_interrupt/zephyr/drivers/timer/libdrivers__timer.a(sys_clock_init.c.o)
 *(SORT_BY_NAME(SORT_BY_ALIGNMENT(.z_init_PRE_KERNEL_2[1-9][0-9]_*)))
                0x00000000080032ec                __init_POST_KERNEL_start = .
 *(SORT_BY_NAME(SORT_BY_ALIGNMENT(.z_init_POST_KERNEL[0-9]_*)))
 *(SORT_BY_NAME(SORT_BY_ALIGNMENT(.z_init_POST_KERNEL[1-9][0-9]_*)))
                0x00000000080032ec                __init_APPLICATION_start = .
 *(SORT_BY_NAME(SORT_BY_ALIGNMENT(.z_init_APPLICATION[0-9]_*)))
 *(SORT_BY_NAME(SORT_BY_ALIGNMENT(.z_init_APPLICATION[1-9][0-9]_*)))
 .z_init_APPLICATION40_
                0x00000000080032ec        0x8 /home/henco/lab5/reference/.pio/build/msgq_interrupt/zephyr/lib/libc/newlib/liblib__libc__newlib.a(libc-hooks.c.o)
                0x00000000080032f4                __init_SMP_start = .
 *(SORT_BY_NAME(SORT_BY_ALIGNMENT(.z_init_SMP[0-9]_*)))
 *(SORT_BY_NAME(SORT_BY_ALIGNMENT(.z_init_SMP[1-9][0-9]_*)))
                0x00000000080032f4                __init_end = .

devices         0x00000000080032f4       0xf0
                0x00000000080032f4                __device_start = .
                0x00000000080032f4                __device_PRE_KERNEL_1_start = .
 *(SORT_BY_NAME(SORT_BY_ALIGNMENT(.z_device_PRE_KERNEL_1[0-9]_*)))
 .z_device_PRE_KERNEL_11_
                0x00000000080032f4       0x18 /home/henco/lab5/reference/.pio/build/msgq_interrupt/zephyr/drivers/clock_control/libdrivers__clock_control.a(clock_stm32_ll_common.c.o)
                0x00000000080032f4                __device_dts_ord_15
 *(SORT_BY_NAME(SORT_BY_ALIGNMENT(.z_device_PRE_KERNEL_1[1-9][0-9]_*)))
 .z_device_PRE_KERNEL_140_
                0x000000000800330c       0x90 /home/henco/lab5/reference/.pio/build/msgq_interrupt/zephyr/drivers/gpio/libdrivers__gpio.a(gpio_stm32.c.o)
                0x000000000800330c                __device_dts_ord_78
                0x0000000008003324                __device_dts_ord_77
                0x000000000800333c                __device_dts_ord_76
                0x0000000008003354                __device_dts_ord_19
                0x000000000800336c                __device_dts_ord_75
                0x0000000008003384                __device_dts_ord_16
 .z_device_PRE_KERNEL_150_
                0x000000000800339c       0x18 /home/henco/lab5/reference/.pio/build/msgq_interrupt/zephyr/drivers/interrupt_controller/libdrivers__interrupt_controller.a(intc_exti_stm32.c.o)
                0x000000000800339c                __device_dts_ord_37
 .z_device_PRE_KERNEL_155_
                0x00000000080033b4       0x18 /home/henco/lab5/reference/.pio/build/msgq_interrupt/zephyr/drivers/serial/libdrivers__serial.a(uart_stm32.c.o)
                0x00000000080033b4                __device_dts_ord_42
                0x00000000080033cc                __device_PRE_KERNEL_2_start = .
 *(SORT_BY_NAME(SORT_BY_ALIGNMENT(.z_device_PRE_KERNEL_2[0-9]_*)))
 .z_device_PRE_KERNEL_20_
                0x00000000080033cc       0x18 /home/henco/lab5/reference/.pio/build/msgq_interrupt/zephyr/drivers/timer/libdrivers__timer.a(sys_clock_init.c.o)
 *(SORT_BY_NAME(SORT_BY_ALIGNMENT(.z_device_PRE_KERNEL_2[1-9][0-9]_*)))
                0x00000000080033e4                __device_POST_KERNEL_start = .
 *(SORT_BY_NAME(SORT_BY_ALIGNMENT(.z_device_POST_KERNEL[0-9]_*)))
 *(SORT_BY_NAME(SORT_BY_ALIGNMENT(.z_device_POST_KERNEL[1-9][0-9]_*)))
                0x00000000080033e4                __device_APPLICATION_start = .
 *(SORT_BY_NAME(SORT_BY_ALIGNMENT(.z_device_APPLICATION[0-9]_*)))
 *(SORT_BY_NAME(SORT_BY_ALIGNMENT(.z_device_APPLICATION[1-9][0-9]_*)))
                0x00000000080033e4                __device_SMP_start = .
 *(SORT_BY_NAME(SORT_BY_ALIGNMENT(.z_device_SMP[0-9]_*)))
 *(SORT_BY_NAME(SORT_BY_ALIGNMENT(.z_device_SMP[1-9][0-9]_*)))
                0x00000000080033e4                __device_end = .

sw_isr_table    0x00000000080033e4      0x100
                0x00000000080033e4                . = ALIGN (0x0)
 *(SORT_BY_ALIGNMENT(.gnu.linkonce.sw_isr_table*))
 .gnu.linkonce.sw_isr_table
                0x00000000080033e4      0x100 .pio/build/msgq_interrupt/zephyr_final/zephyr/isr_tables.c.o
                0x00000000080033e4                _sw_isr_table

initlevel_error
                0x000000000800327c        0x0
 *(SORT_BY_NAME(SORT_BY_ALIGNMENT(.z_init_[_A-Z0-9]*)))
                0x0000000000000001                ASSERT ((SIZEOF (initlevel_error) == 0x0), Undefined initialization levels used.)

app_shmem_regions
                0x00000000080034e4        0x0
                0x00000000080034e4                __app_shmem_regions_start = .
 *(SORT_BY_NAME(SORT_BY_ALIGNMENT(.app_regions.*)))
                0x00000000080034e4                __app_shmem_regions_end = .

bt_l2cap_fixed_chan_area
                0x00000000080034e4        0x0
                0x00000000080034e4                _bt_l2cap_fixed_chan_list_start = .
 *(SORT_BY_NAME(SORT_BY_ALIGNMENT(._bt_l2cap_fixed_chan.static.*)))
                0x00000000080034e4                _bt_l2cap_fixed_chan_list_end = .

bt_gatt_service_static_area
                0x00000000080034e4        0x0
                0x00000000080034e4                _bt_gatt_service_static_list_start = .
 *(SORT_BY_NAME(SORT_BY_ALIGNMENT(._bt_gatt_service_static.static.*)))
                0x00000000080034e4                _bt_gatt_service_static_list_end = .

k_p4wq_initparam_area
                0x00000000080034e4        0x0
                0x00000000080034e4                _k_p4wq_initparam_list_start = .
 *(SORT_BY_NAME(SORT_BY_ALIGNMENT(._k_p4wq_initparam.static.*)))
                0x00000000080034e4                _k_p4wq_initparam_list_end = .

log_strings_sections
                0x00000000080034e4        0x0
                0x00000000080034e4                __log_strings_start = .
 *(SORT_BY_NAME(SORT_BY_ALIGNMENT(.log_strings*)))
                0x00000000080034e4                __log_strings_end = .

log_const_sections
                0x00000000080034e4        0x0
                0x00000000080034e4                __log_const_start = .
 *(SORT_BY_NAME(SORT_BY_ALIGNMENT(.log_const_*)))
                0x00000000080034e4                __log_const_end = .

log_backends_sections
                0x00000000080034e4        0x0
                0x00000000080034e4                __log_backends_start = .
 *(SORT_BY_ALIGNMENT(._log_backend.*))
                0x00000000080034e4                __log_backends_end = .

shell_area      0x00000000080034e4        0x0
                0x00000000080034e4                _shell_list_start = .
 *(SORT_BY_NAME(SORT_BY_ALIGNMENT(._shell.static.*)))
                0x00000000080034e4                _shell_list_end = .

shell_root_cmds_sections
                0x00000000080034e4        0x0
                0x00000000080034e4                __shell_root_cmds_start = .
 *(SORT_BY_NAME(SORT_BY_ALIGNMENT(.shell_root_cmd_*)))
                0x00000000080034e4                __shell_root_cmds_end = .

font_entry_sections
                0x00000000080034e4        0x0
                0x00000000080034e4                __font_entry_start = .
 *(SORT_BY_NAME(SORT_BY_ALIGNMENT(._cfb_font.*)))
                0x00000000080034e4                __font_entry_end = .

tracing_backend_area
                0x00000000080034e4        0x0
                0x00000000080034e4                _tracing_backend_list_start = .
 *(SORT_BY_NAME(SORT_BY_ALIGNMENT(._tracing_backend.static.*)))
                0x00000000080034e4                _tracing_backend_list_end = .

zephyr_dbg_info
 *(SORT_BY_ALIGNMENT(.dbg_thread_info))

device_handles  0x00000000080034e4       0x50
                0x00000000080034e4                __device_handles_start = .
 *(SORT_BY_NAME(SORT_BY_ALIGNMENT(.__device_handles_pass2*)))
 .__device_handles_pass2
                0x00000000080034e4       0x50 .pio/build/msgq_interrupt/zephyr_final/zephyr/dev_handles.c.o
                0x00000000080034e4                __devicehdl_sys_init_sys_clock_driver_init0
                0x00000000080034e8                __devicehdl_DT_N_S_soc_S_serial_40013800
                0x00000000080034f6                __devicehdl_DT_N_S_soc_S_interrupt_controller_40010400
                0x00000000080034fc                __devicehdl_DT_N_S_soc_S_pin_controller_48000000_S_gpio_48000000
                0x0000000008003504                __devicehdl_DT_N_S_soc_S_pin_controller_48000000_S_gpio_48000400
                0x000000000800350c                __devicehdl_DT_N_S_soc_S_pin_controller_48000000_S_gpio_48000800
                0x0000000008003514                __devicehdl_DT_N_S_soc_S_pin_controller_48000000_S_gpio_48000c00
                0x000000000800351c                __devicehdl_DT_N_S_soc_S_pin_controller_48000000_S_gpio_48001000
                0x0000000008003524                __devicehdl_DT_N_S_soc_S_pin_controller_48000000_S_gpio_48001400
                0x000000000800352c                __devicehdl_DT_N_S_soc_S_rcc_40021000
                0x0000000008003534                __device_handles_end = .

rodata          0x0000000008003534      0x328
 *(SORT_BY_ALIGNMENT(.rodata))
 *(SORT_BY_ALIGNMENT(.rodata.*))
 .rodata.gpio_ports
                0x0000000008003534       0x2c /home/henco/lab5/reference/.pio/build/msgq_interrupt/zephyr/libzephyr.a(pinmux_stm32.c.o)
                0x0000000008003534                gpio_ports
 .rodata.gpio_stm32_cfg_a
                0x0000000008003560       0x14 /home/henco/lab5/reference/.pio/build/msgq_interrupt/zephyr/drivers/gpio/libdrivers__gpio.a(gpio_stm32.c.o)
 .rodata.gpio_stm32_cfg_b
                0x0000000008003574       0x14 /home/henco/lab5/reference/.pio/build/msgq_interrupt/zephyr/drivers/gpio/libdrivers__gpio.a(gpio_stm32.c.o)
 .rodata.gpio_stm32_cfg_c
                0x0000000008003588       0x14 /home/henco/lab5/reference/.pio/build/msgq_interrupt/zephyr/drivers/gpio/libdrivers__gpio.a(gpio_stm32.c.o)
 .rodata.gpio_stm32_cfg_d
                0x000000000800359c       0x14 /home/henco/lab5/reference/.pio/build/msgq_interrupt/zephyr/drivers/gpio/libdrivers__gpio.a(gpio_stm32.c.o)
 .rodata.gpio_stm32_cfg_e
                0x00000000080035b0       0x14 /home/henco/lab5/reference/.pio/build/msgq_interrupt/zephyr/drivers/gpio/libdrivers__gpio.a(gpio_stm32.c.o)
 .rodata.gpio_stm32_cfg_f
                0x00000000080035c4       0x14 /home/henco/lab5/reference/.pio/build/msgq_interrupt/zephyr/drivers/gpio/libdrivers__gpio.a(gpio_stm32.c.o)
 .rodata.gpio_stm32_driver
                0x00000000080035d8       0x24 /home/henco/lab5/reference/.pio/build/msgq_interrupt/zephyr/drivers/gpio/libdrivers__gpio.a(gpio_stm32.c.o)
 .rodata.uart_pins_0
                0x00000000080035fc       0x10 /home/henco/lab5/reference/.pio/build/msgq_interrupt/zephyr/drivers/serial/libdrivers__serial.a(uart_stm32.c.o)
 .rodata.uart_stm32_cfg_0
                0x000000000800360c       0x24 /home/henco/lab5/reference/.pio/build/msgq_interrupt/zephyr/drivers/serial/libdrivers__serial.a(uart_stm32.c.o)
 .rodata.uart_stm32_driver_api
                0x0000000008003630       0x4c /home/henco/lab5/reference/.pio/build/msgq_interrupt/zephyr/drivers/serial/libdrivers__serial.a(uart_stm32.c.o)
 .rodata.levels.7564
                0x000000000800367c       0x14 /home/henco/lab5/reference/.pio/build/msgq_interrupt/zephyr/kernel/libkernel.a(device.c.o)
 .rodata._k_neg_eagain
                0x0000000008003690        0x4 /home/henco/lab5/reference/.pio/build/msgq_interrupt/zephyr/kernel/libkernel.a(errno.c.o)
                0x0000000008003690                _k_neg_eagain
 .rodata.CSWTCH.148
                0x0000000008003694        0x6 /home/henco/lab5/reference/.pio/build/msgq_interrupt/zephyr/drivers/serial/libdrivers__serial.a(uart_stm32.c.o)
 .rodata.msgq_interrupt_main.str1.1
                0x000000000800369a        0x6 .pio/build/msgq_interrupt/src/gpio_msgq_interrupt.o
 .rodata.cbvprintf.str1.1
                0x00000000080036a0        0x6 /home/henco/lab5/reference/.pio/build/msgq_interrupt/zephyr/libzephyr.a(cbprintf_complete.c.o)
 .rodata.exti_irq_table
                0x00000000080036a6       0x10 /home/henco/lab5/reference/.pio/build/msgq_interrupt/zephyr/drivers/interrupt_controller/libdrivers__interrupt_controller.a(intc_exti_stm32.c.o)
                0x00000000080036a6                exti_irq_table
 .rodata.str1.1
                0x00000000080036b6       0x1e /home/henco/lab5/reference/.pio/build/msgq_interrupt/zephyr/drivers/interrupt_controller/libdrivers__interrupt_controller.a(intc_exti_stm32.c.o)
 .rodata.str1.1
                0x00000000080036d4        0xd /home/henco/lab5/reference/.pio/build/msgq_interrupt/zephyr/drivers/clock_control/libdrivers__clock_control.a(clock_stm32_ll_common.c.o)
 .rodata.str1.1
                0x00000000080036e1       0x1e /home/henco/lab5/reference/.pio/build/msgq_interrupt/zephyr/drivers/gpio/libdrivers__gpio.a(gpio_stm32.c.o)
                                         0x24 (size before relaxing)
 .rodata.str1.1
                0x00000000080036ff        0x7 /home/henco/lab5/reference/.pio/build/msgq_interrupt/zephyr/drivers/serial/libdrivers__serial.a(uart_stm32.c.o)
 .rodata.str1.1
                0x0000000008003706        0xa /home/henco/lab5/reference/.pio/build/msgq_interrupt/zephyr/drivers/timer/libdrivers__timer.a(sys_clock_init.c.o)
 .rodata.AHBPrescTable
                0x0000000008003710       0x10 /home/henco/lab5/reference/.pio/build/msgq_interrupt/modules/stm32/stm32cube/lib_pio__modules__hal__stm32__stm32cube.a(system_stm32f0xx.c.o)
                0x0000000008003710                AHBPrescTable
 .rodata.z_cstart.str1.1
                0x0000000008003720        0x5 /home/henco/lab5/reference/.pio/build/msgq_interrupt/zephyr/kernel/libkernel.a(init.c.o)
 .rodata.boot_banner.str1.1
                0x0000000008003725       0x35 /home/henco/lab5/reference/.pio/build/msgq_interrupt/zephyr/kernel/libkernel.a(banner.c.o)
                                         0x36 (size before relaxing)
 .rodata._ctype_
                0x000000000800375a      0x101 /home/henco/.platformio/packages/toolchain-gccarmnoneeabi/arm-none-eabi/lib/thumb/v6-m/nofp/libc_nano.a(lib_a-ctype_.o)
                0x000000000800375a                _ctype_
 *(SORT_BY_ALIGNMENT(.gnu.linkonce.r.*))
                0x000000000800385c                . = ALIGN (0x4)
 *fill*         0x000000000800385b        0x1 
                0x000000000800385c                __rodata_region_end = .
                0x000000000800385c                . = ALIGN (_region_min_align)
                0x000000000800385c                __rom_region_end = .
                0x0000000020000000                . = 0x20000000
                0x0000000020000000                . = ALIGN (_region_min_align)
                0x0000000020000000                _image_ram_start = .

.st_stm32f0x_vt
                0x0000000020000000       0xc0
                0x0000000020000000                _ram_vector_start = .
                0x00000000200000c0                . = (. + (_vector_end - _vector_start))
 *fill*         0x0000000020000000       0xc0 
                0x00000000200000c0                _ram_vector_end = .

.ramfunc        0x00000000200000c0        0x0 load address 0x000000000800385c
                0x00000000200000c0                . = ALIGN (_region_min_align)
                0x00000000200000c0                __ramfunc_start = .
 *(SORT_BY_ALIGNMENT(.ramfunc))
 *(SORT_BY_ALIGNMENT(.ramfunc.*))
                0x00000000200000c0                . = ALIGN (_region_min_align)
                0x00000000200000c0                __ramfunc_end = .
                0x0000000000000000                __ramfunc_size = (__ramfunc_end - __ramfunc_start)
                0x000000000800385c                __ramfunc_load_start = LOADADDR (.ramfunc)

datas           0x00000000200000c0       0x38 load address 0x000000000800385c
                0x00000000200000c0                __data_region_start = .
                0x00000000200000c0                __data_start = .
 *(SORT_BY_ALIGNMENT(.data))
 *(SORT_BY_ALIGNMENT(.data.*))
 .data._char_out
                0x00000000200000c0        0x4 /home/henco/lab5/reference/.pio/build/msgq_interrupt/zephyr/libzephyr.a(printk.c.o)
                0x00000000200000c0                _char_out
 .data._stdout_hook
                0x00000000200000c4        0x4 /home/henco/lab5/reference/.pio/build/msgq_interrupt/zephyr/lib/libc/newlib/liblib__libc__newlib.a(libc-hooks.c.o)
 .data.stm32_clock_control_api
                0x00000000200000c8       0x14 /home/henco/lab5/reference/.pio/build/msgq_interrupt/zephyr/drivers/clock_control/libdrivers__clock_control.a(clock_stm32_ll_common.c.o)
 .data.uart_stm32_data_0
                0x00000000200000dc       0x10 /home/henco/lab5/reference/.pio/build/msgq_interrupt/zephyr/drivers/serial/libdrivers__serial.a(uart_stm32.c.o)
 .data.SystemCoreClock
                0x00000000200000ec        0x4 /home/henco/lab5/reference/.pio/build/msgq_interrupt/modules/stm32/stm32cube/lib_pio__modules__hal__stm32__stm32cube.a(system_stm32f0xx.c.o)
                0x00000000200000ec                SystemCoreClock
 .data.timeout_list
                0x00000000200000f0        0x8 /home/henco/lab5/reference/.pio/build/msgq_interrupt/zephyr/kernel/libkernel.a(timeout.c.o)
 *(SORT_BY_ALIGNMENT(.kernel.*))
                0x00000000200000f8                __data_end = .
                0x0000000000000038                __data_size = (__data_end - __data_start)
                0x000000000800385c                __data_load_start = LOADADDR (datas)
                0x000000000800385c                __data_region_load_start = LOADADDR (datas)

device_states   0x00000000200000f8       0x28 load address 0x0000000008003894
                0x00000000200000f8                __device_states_start = .
 *(SORT_BY_ALIGNMENT(.z_devstate))
 .z_devstate    0x00000000200000f8        0x4 /home/henco/lab5/reference/.pio/build/msgq_interrupt/zephyr/drivers/interrupt_controller/libdrivers__interrupt_controller.a(intc_exti_stm32.c.o)
 .z_devstate    0x00000000200000fc        0x4 /home/henco/lab5/reference/.pio/build/msgq_interrupt/zephyr/drivers/clock_control/libdrivers__clock_control.a(clock_stm32_ll_common.c.o)
 .z_devstate    0x0000000020000100       0x18 /home/henco/lab5/reference/.pio/build/msgq_interrupt/zephyr/drivers/gpio/libdrivers__gpio.a(gpio_stm32.c.o)
 .z_devstate    0x0000000020000118        0x4 /home/henco/lab5/reference/.pio/build/msgq_interrupt/zephyr/drivers/serial/libdrivers__serial.a(uart_stm32.c.o)
 .z_devstate    0x000000002000011c        0x4 /home/henco/lab5/reference/.pio/build/msgq_interrupt/zephyr/drivers/timer/libdrivers__timer.a(sys_clock_init.c.o)
 *(SORT_BY_ALIGNMENT(.z_devstate.*))
                0x0000000020000120                __device_states_end = .

initshell       0x0000000020000120        0x0 load address 0x00000000080038bc
                0x0000000020000120                __shell_module_start = .
 *(SORT_BY_ALIGNMENT(.shell_module_*))
                0x0000000020000120                __shell_module_end = .
                0x0000000020000120                __shell_cmd_start = .
 *(SORT_BY_ALIGNMENT(.shell_cmd_*))
                0x0000000020000120                __shell_cmd_end = .

log_dynamic_sections
                0x0000000020000120        0x0 load address 0x00000000080038bc
                0x0000000020000120                __log_dynamic_start = .
 *(SORT_BY_NAME(SORT_BY_ALIGNMENT(.log_dynamic_*)))
                0x0000000020000120                __log_dynamic_end = .

_static_thread_data_area
                0x0000000020000120        0x0 load address 0x00000000080038bc
                0x0000000020000120                __static_thread_data_list_start = .
 *(SORT_BY_NAME(SORT_BY_ALIGNMENT(.__static_thread_data.static.*)))
                0x0000000020000120                __static_thread_data_list_end = .

k_timer_area    0x0000000020000120        0x0 load address 0x00000000080038bc
                0x0000000020000120                _k_timer_list_start = .
 *(SORT_BY_NAME(SORT_BY_ALIGNMENT(._k_timer.static.*)))
                0x0000000020000120                _k_timer_list_end = .

k_mem_slab_area
                0x0000000020000120        0x0 load address 0x00000000080038bc
                0x0000000020000120                _k_mem_slab_list_start = .
 *(SORT_BY_NAME(SORT_BY_ALIGNMENT(._k_mem_slab.static.*)))
                0x0000000020000120                _k_mem_slab_list_end = .

k_mem_pool_area
                0x0000000020000120        0x0 load address 0x00000000080038bc
                0x0000000020000120                _k_mem_pool_list_start = .
 *(SORT_BY_NAME(SORT_BY_ALIGNMENT(._k_mem_pool.static.*)))
                0x0000000020000120                _k_mem_pool_list_end = .

k_heap_area     0x0000000020000120        0x0 load address 0x00000000080038bc
                0x0000000020000120                _k_heap_list_start = .
 *(SORT_BY_NAME(SORT_BY_ALIGNMENT(._k_heap.static.*)))
                0x0000000020000120                _k_heap_list_end = .

k_mutex_area    0x0000000020000120        0x0 load address 0x00000000080038bc
                0x0000000020000120                _k_mutex_list_start = .
 *(SORT_BY_NAME(SORT_BY_ALIGNMENT(._k_mutex.static.*)))
                0x0000000020000120                _k_mutex_list_end = .

k_stack_area    0x0000000020000120        0x0 load address 0x00000000080038bc
                0x0000000020000120                _k_stack_list_start = .
 *(SORT_BY_NAME(SORT_BY_ALIGNMENT(._k_stack.static.*)))
                0x0000000020000120                _k_stack_list_end = .

k_msgq_area     0x0000000020000120        0x0 load address 0x00000000080038bc
                0x0000000020000120                _k_msgq_list_start = .
 *(SORT_BY_NAME(SORT_BY_ALIGNMENT(._k_msgq.static.*)))
                0x0000000020000120                _k_msgq_list_end = .

k_mbox_area     0x0000000020000120        0x0 load address 0x00000000080038bc
                0x0000000020000120                _k_mbox_list_start = .
 *(SORT_BY_NAME(SORT_BY_ALIGNMENT(._k_mbox.static.*)))
                0x0000000020000120                _k_mbox_list_end = .

k_pipe_area     0x0000000020000120        0x0 load address 0x00000000080038bc
                0x0000000020000120                _k_pipe_list_start = .
 *(SORT_BY_NAME(SORT_BY_ALIGNMENT(._k_pipe.static.*)))
                0x0000000020000120                _k_pipe_list_end = .

k_sem_area      0x0000000020000120        0x0 load address 0x00000000080038bc
                0x0000000020000120                _k_sem_list_start = .
 *(SORT_BY_NAME(SORT_BY_ALIGNMENT(._k_sem.static.*)))
                0x0000000020000120                _k_sem_list_end = .

k_queue_area    0x0000000020000120        0x0 load address 0x00000000080038bc
                0x0000000020000120                _k_queue_list_start = .
 *(SORT_BY_NAME(SORT_BY_ALIGNMENT(._k_queue.static.*)))
                0x0000000020000120                _k_queue_list_end = .

k_condvar_area  0x0000000020000120        0x0 load address 0x00000000080038bc
                0x0000000020000120                _k_condvar_list_start = .
 *(SORT_BY_NAME(SORT_BY_ALIGNMENT(._k_condvar.static.*)))
                0x0000000020000120                _k_condvar_list_end = .

_net_buf_pool_area
                0x0000000020000120        0x0 load address 0x00000000080038bc
                0x0000000020000120                _net_buf_pool_list = .
 *(SORT_BY_NAME(SORT_BY_ALIGNMENT(._net_buf_pool.static.*)))
                0x0000000020000120                __data_region_end = .

bss             0x0000000020000120      0x305
                0x0000000020000120                . = ALIGN (0x4)
                0x0000000020000120                __bss_start = .
                0x0000000020000120                __kernel_ram_start = .
 *(SORT_BY_ALIGNMENT(.bss))
 *(SORT_BY_ALIGNMENT(.bss.*))
 .bss.toggle_thread
                0x0000000020000120       0x70 .pio/build/msgq_interrupt/src/gpio_msgq_interrupt.o
                0x0000000020000120                toggle_thread
 .bss.z_idle_threads
                0x0000000020000190       0x70 /home/henco/lab5/reference/.pio/build/msgq_interrupt/zephyr/kernel/libkernel.a(init.c.o)
                0x0000000020000190                z_idle_threads
 .bss.z_main_thread
                0x0000000020000200       0x70 /home/henco/lab5/reference/.pio/build/msgq_interrupt/zephyr/kernel/libkernel.a(init.c.o)
                0x0000000020000200                z_main_thread
 .bss.curr_tick
                0x0000000020000270        0x8 /home/henco/lab5/reference/.pio/build/msgq_interrupt/zephyr/kernel/libkernel.a(timeout.c.o)
 .bss.callback2
                0x0000000020000278        0xc .pio/build/msgq_interrupt/src/gpio_msgq_interrupt.o
                0x0000000020000278                callback2
 .bss.my_msgq   0x0000000020000284       0x28 .pio/build/msgq_interrupt/src/gpio_msgq_interrupt.o
                0x0000000020000284                my_msgq
 .bss.exti_data
                0x00000000200002ac       0x80 /home/henco/lab5/reference/.pio/build/msgq_interrupt/zephyr/drivers/interrupt_controller/libdrivers__interrupt_controller.a(intc_exti_stm32.c.o)
 .bss.uart_console_dev
                0x000000002000032c        0x4 /home/henco/lab5/reference/.pio/build/msgq_interrupt/zephyr/drivers/console/libdrivers__console.a(uart_console.c.o)
 .bss.gpio_stm32_data_a
                0x0000000020000330       0x10 /home/henco/lab5/reference/.pio/build/msgq_interrupt/zephyr/drivers/gpio/libdrivers__gpio.a(gpio_stm32.c.o)
 .bss.gpio_stm32_data_b
                0x0000000020000340       0x10 /home/henco/lab5/reference/.pio/build/msgq_interrupt/zephyr/drivers/gpio/libdrivers__gpio.a(gpio_stm32.c.o)
 .bss.gpio_stm32_data_c
                0x0000000020000350       0x10 /home/henco/lab5/reference/.pio/build/msgq_interrupt/zephyr/drivers/gpio/libdrivers__gpio.a(gpio_stm32.c.o)
 .bss.gpio_stm32_data_d
                0x0000000020000360       0x10 /home/henco/lab5/reference/.pio/build/msgq_interrupt/zephyr/drivers/gpio/libdrivers__gpio.a(gpio_stm32.c.o)
 .bss.gpio_stm32_data_e
                0x0000000020000370       0x10 /home/henco/lab5/reference/.pio/build/msgq_interrupt/zephyr/drivers/gpio/libdrivers__gpio.a(gpio_stm32.c.o)
 .bss.gpio_stm32_data_f
                0x0000000020000380       0x10 /home/henco/lab5/reference/.pio/build/msgq_interrupt/zephyr/drivers/gpio/libdrivers__gpio.a(gpio_stm32.c.o)
 .bss.announced_cycles
                0x0000000020000390        0x4 /home/henco/lab5/reference/.pio/build/msgq_interrupt/zephyr/drivers/timer/libdrivers__timer.a(cortex_m_systick.c.o)
 .bss.cycle_count
                0x0000000020000394        0x4 /home/henco/lab5/reference/.pio/build/msgq_interrupt/zephyr/drivers/timer/libdrivers__timer.a(cortex_m_systick.c.o)
 .bss.last_load
                0x0000000020000398        0x4 /home/henco/lab5/reference/.pio/build/msgq_interrupt/zephyr/drivers/timer/libdrivers__timer.a(cortex_m_systick.c.o)
 .bss.overflow_cyc
                0x000000002000039c        0x4 /home/henco/lab5/reference/.pio/build/msgq_interrupt/zephyr/drivers/timer/libdrivers__timer.a(cortex_m_systick.c.o)
 .bss._kernel   0x00000000200003a0       0x24 /home/henco/lab5/reference/.pio/build/msgq_interrupt/zephyr/kernel/libkernel.a(init.c.o)
                0x00000000200003a0                _kernel
 .bss.pending_current
                0x00000000200003c4        0x4 /home/henco/lab5/reference/.pio/build/msgq_interrupt/zephyr/kernel/libkernel.a(sched.c.o)
 .bss.slice_max_prio
                0x00000000200003c8        0x4 /home/henco/lab5/reference/.pio/build/msgq_interrupt/zephyr/kernel/libkernel.a(sched.c.o)
 .bss.slice_time
                0x00000000200003cc        0x4 /home/henco/lab5/reference/.pio/build/msgq_interrupt/zephyr/kernel/libkernel.a(sched.c.o)
 .bss.announce_remaining
                0x00000000200003d0        0x4 /home/henco/lab5/reference/.pio/build/msgq_interrupt/zephyr/kernel/libkernel.a(timeout.c.o)
 .bss.my_msgq_buffer
                0x00000000200003d4       0x50 .pio/build/msgq_interrupt/src/gpio_msgq_interrupt.o
                0x00000000200003d4                my_msgq_buffer
 .bss.z_sys_post_kernel
                0x0000000020000424        0x1 /home/henco/lab5/reference/.pio/build/msgq_interrupt/zephyr/kernel/libkernel.a(init.c.o)
                0x0000000020000424                z_sys_post_kernel
 .bss.sched_spinlock
                0x0000000020000425        0x0 /home/henco/lab5/reference/.pio/build/msgq_interrupt/zephyr/kernel/libkernel.a(sched.c.o)
                0x0000000020000425                sched_spinlock
 *(SORT_BY_ALIGNMENT(COMMON))
 *(SORT_BY_ALIGNMENT(.kernel_bss.*))
                0x0000000020000428                __bss_end = ALIGN (0x4)

noinit          0x0000000020000428      0xef8
 *(SORT_BY_ALIGNMENT(.noinit))
 *(SORT_BY_ALIGNMENT(.noinit.*))
 .noinit."src/gpio_msgq_interrupt.c".0
                0x0000000020000428      0x1f8 .pio/build/msgq_interrupt/src/gpio_msgq_interrupt.o
                0x0000000020000428                coop_stack
 .noinit."ZEPHYR_BASE/kernel/init.c".1
                0x0000000020000620      0x400 /home/henco/lab5/reference/.pio/build/msgq_interrupt/zephyr/kernel/libkernel.a(init.c.o)
                0x0000000020000620                z_main_stack
 .noinit."ZEPHYR_BASE/kernel/init.c".2
                0x0000000020000a20      0x100 /home/henco/lab5/reference/.pio/build/msgq_interrupt/zephyr/kernel/libkernel.a(init.c.o)
 .noinit."ZEPHYR_BASE/kernel/init.c".3
                0x0000000020000b20      0x800 /home/henco/lab5/reference/.pio/build/msgq_interrupt/zephyr/kernel/libkernel.a(init.c.o)
                0x0000000020000b20                z_interrupt_stacks
 *(SORT_BY_ALIGNMENT(.kernel_noinit.*))
                0x0000000020001320                _image_ram_end = .
                0x0000000020001320                _end = .
                0x0000000020004000                __kernel_ram_end = 0x20004000
                0x0000000000003ee0                __kernel_ram_size = (__kernel_ram_end - __kernel_ram_start)

.stab
 *(SORT_BY_ALIGNMENT(.stab))

.stabstr
 *(SORT_BY_ALIGNMENT(.stabstr))

.stab.excl
 *(SORT_BY_ALIGNMENT(.stab.excl))

.stab.exclstr
 *(SORT_BY_ALIGNMENT(.stab.exclstr))

.stab.index
 *(SORT_BY_ALIGNMENT(.stab.index))

.stab.indexstr
 *(SORT_BY_ALIGNMENT(.stab.indexstr))

.gnu.build.attributes
 *(SORT_BY_ALIGNMENT(.gnu.build.attributes) SORT_BY_ALIGNMENT(.gnu.build.attributes.*))

.comment        0x0000000000000000       0x75
 *(SORT_BY_ALIGNMENT(.comment))
 .comment       0x0000000000000000       0x75 .pio/build/msgq_interrupt/src/gpio_msgq_interrupt.o
                                         0x76 (size before relaxing)
 .comment       0x0000000000000075       0x76 .pio/build/msgq_interrupt/src/main.o
 .comment       0x0000000000000075       0x76 .pio/build/msgq_interrupt/zephyr_final/zephyr/isr_tables.c.o
 .comment       0x0000000000000075       0x76 .pio/build/msgq_interrupt/zephyr_final/zephyr/dev_handles.c.o
 .comment       0x0000000000000075       0x76 /home/henco/lab5/reference/.pio/build/msgq_interrupt/zephyr/libzephyr.a(printk.c.o)
 .comment       0x0000000000000075       0x76 /home/henco/lab5/reference/.pio/build/msgq_interrupt/zephyr/libzephyr.a(thread_entry.c.o)
 .comment       0x0000000000000075       0x76 /home/henco/lab5/reference/.pio/build/msgq_interrupt/zephyr/libzephyr.a(heap.c.o)
 .comment       0x0000000000000075       0x76 /home/henco/lab5/reference/.pio/build/msgq_interrupt/zephyr/libzephyr.a(cbprintf_complete.c.o)
 .comment       0x0000000000000075       0x76 /home/henco/lab5/reference/.pio/build/msgq_interrupt/zephyr/libzephyr.a(configs.c.o)
 .comment       0x0000000000000075       0x76 /home/henco/lab5/reference/.pio/build/msgq_interrupt/zephyr/libzephyr.a(soc.c.o)
 .comment       0x0000000000000075       0x76 /home/henco/lab5/reference/.pio/build/msgq_interrupt/zephyr/libzephyr.a(soc_config.c.o)
 .comment       0x0000000000000075       0x76 /home/henco/lab5/reference/.pio/build/msgq_interrupt/zephyr/libzephyr.a(pinmux_stm32.c.o)
 .comment       0x0000000000000075       0x76 /home/henco/lab5/reference/.pio/build/msgq_interrupt/zephyr/arch/arch/arm/core/aarch32/libarch__arm__core__aarch32.a(fatal.c.o)
 .comment       0x0000000000000075       0x76 /home/henco/lab5/reference/.pio/build/msgq_interrupt/zephyr/arch/arch/arm/core/aarch32/libarch__arm__core__aarch32.a(irq_manage.c.o)
 .comment       0x0000000000000075       0x76 /home/henco/lab5/reference/.pio/build/msgq_interrupt/zephyr/arch/arch/arm/core/aarch32/libarch__arm__core__aarch32.a(nmi.c.o)
 .comment       0x0000000000000075       0x76 /home/henco/lab5/reference/.pio/build/msgq_interrupt/zephyr/arch/arch/arm/core/aarch32/libarch__arm__core__aarch32.a(prep_c.c.o)
 .comment       0x0000000000000075       0x76 /home/henco/lab5/reference/.pio/build/msgq_interrupt/zephyr/arch/arch/arm/core/aarch32/libarch__arm__core__aarch32.a(swap.c.o)
 .comment       0x0000000000000075       0x76 /home/henco/lab5/reference/.pio/build/msgq_interrupt/zephyr/arch/arch/arm/core/aarch32/libarch__arm__core__aarch32.a(thread.c.o)
 .comment       0x0000000000000075       0x76 /home/henco/lab5/reference/.pio/build/msgq_interrupt/zephyr/arch/arch/arm/core/aarch32/cortex_m/libarch__arm__core__aarch32__cortex_m.a(fault.c.o)
 .comment       0x0000000000000075       0x76 /home/henco/lab5/reference/.pio/build/msgq_interrupt/zephyr/arch/arch/arm/core/aarch32/cortex_m/libarch__arm__core__aarch32__cortex_m.a(irq_init.c.o)
 .comment       0x0000000000000075       0x76 /home/henco/lab5/reference/.pio/build/msgq_interrupt/zephyr/arch/arch/arm/core/aarch32/cortex_m/libarch__arm__core__aarch32__cortex_m.a(thread_abort.c.o)
 .comment       0x0000000000000075       0x76 /home/henco/lab5/reference/.pio/build/msgq_interrupt/zephyr/lib/libc/newlib/liblib__libc__newlib.a(libc-hooks.c.o)
 .comment       0x0000000000000075       0x76 /home/henco/lab5/reference/.pio/build/msgq_interrupt/zephyr/drivers/interrupt_controller/libdrivers__interrupt_controller.a(intc_exti_stm32.c.o)
 .comment       0x0000000000000075       0x76 /home/henco/lab5/reference/.pio/build/msgq_interrupt/zephyr/drivers/clock_control/libdrivers__clock_control.a(clock_stm32_ll_common.c.o)
 .comment       0x0000000000000075       0x76 /home/henco/lab5/reference/.pio/build/msgq_interrupt/zephyr/drivers/clock_control/libdrivers__clock_control.a(clock_stm32f0_f3.c.o)
 .comment       0x0000000000000075       0x76 /home/henco/lab5/reference/.pio/build/msgq_interrupt/zephyr/drivers/console/libdrivers__console.a(uart_console.c.o)
 .comment       0x0000000000000075       0x76 /home/henco/lab5/reference/.pio/build/msgq_interrupt/zephyr/drivers/gpio/libdrivers__gpio.a(gpio_stm32.c.o)
 .comment       0x0000000000000075       0x76 /home/henco/lab5/reference/.pio/build/msgq_interrupt/zephyr/drivers/serial/libdrivers__serial.a(uart_stm32.c.o)
 .comment       0x0000000000000075       0x76 /home/henco/lab5/reference/.pio/build/msgq_interrupt/zephyr/drivers/timer/libdrivers__timer.a(sys_clock_init.c.o)
 .comment       0x0000000000000075       0x76 /home/henco/lab5/reference/.pio/build/msgq_interrupt/zephyr/drivers/timer/libdrivers__timer.a(cortex_m_systick.c.o)
 .comment       0x0000000000000075       0x76 /home/henco/lab5/reference/.pio/build/msgq_interrupt/modules/stm32/stm32cube/lib_pio__modules__hal__stm32__stm32cube.a(system_stm32f0xx.c.o)
 .comment       0x0000000000000075       0x76 /home/henco/lab5/reference/.pio/build/msgq_interrupt/modules/stm32/stm32cube/lib_pio__modules__hal__stm32__stm32cube.a(stm32f0xx_ll_utils.c.o)
 .comment       0x0000000000000075       0x76 /home/henco/lab5/reference/.pio/build/msgq_interrupt/zephyr/liboffsets.a(offsets.c.o)
 .comment       0x0000000000000075       0x76 /home/henco/lab5/reference/.pio/build/msgq_interrupt/zephyr/kernel/libkernel.a(device.c.o)
 .comment       0x0000000000000075       0x76 /home/henco/lab5/reference/.pio/build/msgq_interrupt/zephyr/kernel/libkernel.a(errno.c.o)
 .comment       0x0000000000000075       0x76 /home/henco/lab5/reference/.pio/build/msgq_interrupt/zephyr/kernel/libkernel.a(fatal.c.o)
 .comment       0x0000000000000075       0x76 /home/henco/lab5/reference/.pio/build/msgq_interrupt/zephyr/kernel/libkernel.a(init.c.o)
 .comment       0x0000000000000075       0x76 /home/henco/lab5/reference/.pio/build/msgq_interrupt/zephyr/kernel/libkernel.a(thread.c.o)
 .comment       0x0000000000000075       0x76 /home/henco/lab5/reference/.pio/build/msgq_interrupt/zephyr/kernel/libkernel.a(idle.c.o)
 .comment       0x0000000000000075       0x76 /home/henco/lab5/reference/.pio/build/msgq_interrupt/zephyr/kernel/libkernel.a(msg_q.c.o)
 .comment       0x0000000000000075       0x76 /home/henco/lab5/reference/.pio/build/msgq_interrupt/zephyr/kernel/libkernel.a(sched.c.o)
 .comment       0x0000000000000075       0x76 /home/henco/lab5/reference/.pio/build/msgq_interrupt/zephyr/kernel/libkernel.a(xip.c.o)
 .comment       0x0000000000000075       0x76 /home/henco/lab5/reference/.pio/build/msgq_interrupt/zephyr/kernel/libkernel.a(timeout.c.o)
 .comment       0x0000000000000075       0x76 /home/henco/lab5/reference/.pio/build/msgq_interrupt/zephyr/kernel/libkernel.a(banner.c.o)
 .comment       0x0000000000000075       0x76 /home/henco/lab5/reference/.pio/build/msgq_interrupt/zephyr/kernel/libkernel.a(kheap.c.o)

.debug
 *(SORT_BY_ALIGNMENT(.debug))

.line
 *(SORT_BY_ALIGNMENT(.line))

.debug_srcinfo
 *(SORT_BY_ALIGNMENT(.debug_srcinfo))

.debug_sfnames
 *(SORT_BY_ALIGNMENT(.debug_sfnames))

.debug_aranges  0x0000000000000000      0xe90
 *(SORT_BY_ALIGNMENT(.debug_aranges))
 .debug_aranges
                0x0000000000000000       0x30 /home/henco/lab5/reference/.pio/build/msgq_interrupt/zephyr/arch/arch/arm/core/aarch32/libarch__arm__core__aarch32.a(cpu_idle.S.o)
 .debug_aranges
                0x0000000000000030       0x20 /home/henco/lab5/reference/.pio/build/msgq_interrupt/zephyr/arch/arch/arm/core/aarch32/libarch__arm__core__aarch32.a(nmi_on_reset.S.o)
 .debug_aranges
                0x0000000000000050       0x28 /home/henco/lab5/reference/.pio/build/msgq_interrupt/zephyr/arch/arch/arm/core/aarch32/libarch__arm__core__aarch32.a(swap_helper.S.o)
 .debug_aranges
                0x0000000000000078       0x20 /home/henco/lab5/reference/.pio/build/msgq_interrupt/zephyr/arch/arch/arm/core/aarch32/libarch__arm__core__aarch32.a(isr_wrapper.S.o)
 .debug_aranges
                0x0000000000000098       0x20 /home/henco/lab5/reference/.pio/build/msgq_interrupt/zephyr/arch/arch/arm/core/aarch32/cortex_m/libarch__arm__core__aarch32__cortex_m.a(exc_exit.S.o)
 .debug_aranges
                0x00000000000000b8       0x20 /home/henco/lab5/reference/.pio/build/msgq_interrupt/zephyr/arch/arch/arm/core/aarch32/cortex_m/libarch__arm__core__aarch32__cortex_m.a(fault_s.S.o)
 .debug_aranges
                0x00000000000000d8       0x20 /home/henco/lab5/reference/.pio/build/msgq_interrupt/zephyr/arch/arch/arm/core/aarch32/cortex_m/libarch__arm__core__aarch32__cortex_m.a(reset.S.o)
 .debug_aranges
                0x00000000000000f8       0x30 .pio/build/msgq_interrupt/src/gpio_msgq_interrupt.o
 .debug_aranges
                0x0000000000000128       0x20 .pio/build/msgq_interrupt/src/main.o
 .debug_aranges
                0x0000000000000148       0x18 .pio/build/msgq_interrupt/zephyr_final/zephyr/isr_tables.c.o
 .debug_aranges
                0x0000000000000160       0x18 .pio/build/msgq_interrupt/zephyr_final/zephyr/dev_handles.c.o
 .debug_aranges
                0x0000000000000178       0x68 /home/henco/lab5/reference/.pio/build/msgq_interrupt/zephyr/libzephyr.a(printk.c.o)
 .debug_aranges
                0x00000000000001e0       0x20 /home/henco/lab5/reference/.pio/build/msgq_interrupt/zephyr/libzephyr.a(thread_entry.c.o)
 .debug_aranges
                0x0000000000000200       0xa8 /home/henco/lab5/reference/.pio/build/msgq_interrupt/zephyr/libzephyr.a(heap.c.o)
 .debug_aranges
                0x00000000000002a8       0x38 /home/henco/lab5/reference/.pio/build/msgq_interrupt/zephyr/libzephyr.a(cbprintf_complete.c.o)
 .debug_aranges
                0x00000000000002e0       0x20 /home/henco/lab5/reference/.pio/build/msgq_interrupt/zephyr/libzephyr.a(configs.c.o)
 .debug_aranges
                0x0000000000000300       0x28 /home/henco/lab5/reference/.pio/build/msgq_interrupt/zephyr/libzephyr.a(soc.c.o)
 .debug_aranges
                0x0000000000000328       0x20 /home/henco/lab5/reference/.pio/build/msgq_interrupt/zephyr/libzephyr.a(soc_config.c.o)
 .debug_aranges
                0x0000000000000348       0x38 /home/henco/lab5/reference/.pio/build/msgq_interrupt/zephyr/libzephyr.a(pinmux_stm32.c.o)
 .debug_aranges
                0x0000000000000380       0x30 /home/henco/lab5/reference/.pio/build/msgq_interrupt/zephyr/arch/arch/arm/core/aarch32/libarch__arm__core__aarch32.a(fatal.c.o)
 .debug_aranges
                0x00000000000003b0       0x40 /home/henco/lab5/reference/.pio/build/msgq_interrupt/zephyr/arch/arch/arm/core/aarch32/libarch__arm__core__aarch32.a(irq_manage.c.o)
 .debug_aranges
                0x00000000000003f0       0x20 /home/henco/lab5/reference/.pio/build/msgq_interrupt/zephyr/arch/arch/arm/core/aarch32/libarch__arm__core__aarch32.a(nmi.c.o)
 .debug_aranges
                0x0000000000000410       0x28 /home/henco/lab5/reference/.pio/build/msgq_interrupt/zephyr/arch/arch/arm/core/aarch32/libarch__arm__core__aarch32.a(prep_c.c.o)
 .debug_aranges
                0x0000000000000438       0x20 /home/henco/lab5/reference/.pio/build/msgq_interrupt/zephyr/arch/arch/arm/core/aarch32/libarch__arm__core__aarch32.a(swap.c.o)
 .debug_aranges
                0x0000000000000458       0x28 /home/henco/lab5/reference/.pio/build/msgq_interrupt/zephyr/arch/arch/arm/core/aarch32/libarch__arm__core__aarch32.a(thread.c.o)
 .debug_aranges
                0x0000000000000480       0x28 /home/henco/lab5/reference/.pio/build/msgq_interrupt/zephyr/arch/arch/arm/core/aarch32/cortex_m/libarch__arm__core__aarch32__cortex_m.a(fault.c.o)
 .debug_aranges
                0x00000000000004a8       0x20 /home/henco/lab5/reference/.pio/build/msgq_interrupt/zephyr/arch/arch/arm/core/aarch32/cortex_m/libarch__arm__core__aarch32__cortex_m.a(irq_init.c.o)
 .debug_aranges
                0x00000000000004c8       0x20 /home/henco/lab5/reference/.pio/build/msgq_interrupt/zephyr/arch/arch/arm/core/aarch32/cortex_m/libarch__arm__core__aarch32__cortex_m.a(thread_abort.c.o)
 .debug_aranges
                0x00000000000004e8      0x100 /home/henco/lab5/reference/.pio/build/msgq_interrupt/zephyr/lib/libc/newlib/liblib__libc__newlib.a(libc-hooks.c.o)
 .debug_aranges
                0x00000000000005e8       0x68 /home/henco/lab5/reference/.pio/build/msgq_interrupt/zephyr/drivers/interrupt_controller/libdrivers__interrupt_controller.a(intc_exti_stm32.c.o)
 .debug_aranges
                0x0000000000000650       0x38 /home/henco/lab5/reference/.pio/build/msgq_interrupt/zephyr/drivers/clock_control/libdrivers__clock_control.a(clock_stm32_ll_common.c.o)
 .debug_aranges
                0x0000000000000688       0x30 /home/henco/lab5/reference/.pio/build/msgq_interrupt/zephyr/drivers/clock_control/libdrivers__clock_control.a(clock_stm32f0_f3.c.o)
 .debug_aranges
                0x00000000000006b8       0x28 /home/henco/lab5/reference/.pio/build/msgq_interrupt/zephyr/drivers/console/libdrivers__console.a(uart_console.c.o)
 .debug_aranges
                0x00000000000006e0       0x78 /home/henco/lab5/reference/.pio/build/msgq_interrupt/zephyr/drivers/gpio/libdrivers__gpio.a(gpio_stm32.c.o)
 .debug_aranges
                0x0000000000000758       0xd0 /home/henco/lab5/reference/.pio/build/msgq_interrupt/zephyr/drivers/serial/libdrivers__serial.a(uart_stm32.c.o)
 .debug_aranges
                0x0000000000000828       0x40 /home/henco/lab5/reference/.pio/build/msgq_interrupt/zephyr/drivers/timer/libdrivers__timer.a(sys_clock_init.c.o)
 .debug_aranges
                0x0000000000000868       0x58 /home/henco/lab5/reference/.pio/build/msgq_interrupt/zephyr/drivers/timer/libdrivers__timer.a(cortex_m_systick.c.o)
 .debug_aranges